Last login: Thu Nov  9 00:24:03 on ttys000
Peters-MBP:~ tdamdouni$ ssh pi@192.168.178.103
pi@192.168.178.103's password: 

The programs included with the Debian GNU/Linux system are free software;
the exact distribution terms for each program are described in the
individual files in /usr/share/doc/*/copyright.

Debian GNU/Linux comes with ABSOLUTELY NO WARRANTY, to the extent
permitted by applicable law.
Last login: Thu Nov  9 00:24:11 2017 from peters-mbp.fritz.box

SSH is enabled and the default password for the 'pi' user has not been changed.
This is a security risk - please login as the 'pi' user and type 'passwd' to set a new password.

pi@pantiltpi:~ $ sudo systemctl stop motion
pi@pantiltpi:~ $ sudo systemctl status# motion
Unknown operation 'status#'.
pi@pantiltpi:~ $ sudo systemctl status motion
● motion.service - LSB: Start Motion detection
   Loaded: loaded (/etc/init.d/motion)
   Active: inactive (dead) since Do 2017-11-09 00:33:57 CET; 19s ago
  Process: 1991 ExecStop=/etc/init.d/motion stop (code=exited, status=0/SUCCESS)
  Process: 523 ExecStart=/etc/init.d/motion start (code=exited, status=0/SUCCESS)

Nov 09 00:33:56 pantiltpi motion[751]: [1] [NTC] [STR] stream_stop: Closed ...ts
Nov 09 00:33:56 pantiltpi motion[751]: [1] [NTC] [VID] vid_close: Closing v...o0
Nov 09 00:33:56 pantiltpi motion[751]: [0] [NTC] [ALL] main: Threads finished
Nov 09 00:33:56 pantiltpi motion[751]: [0] [NTC] [STR] httpd_run: motion-ht...ng
Nov 09 00:33:56 pantiltpi motion[751]: [0] [NTC] [STR] httpd_run: motion-ht...ng
Nov 09 00:33:56 pantiltpi motion[751]: [0] [NTC] [STR] motion_web_control: ...it
Nov 09 00:33:57 pantiltpi motion[751]: [0] [NTC] [ALL] main: Motion terminating
Nov 09 00:33:57 pantiltpi motion[751]: [0] [NTC] [ALL] motion_remove_pid: R...).
Nov 09 00:33:57 pantiltpi motion[1991]: Stopping motion detection daemon: mo....
Nov 09 00:33:57 pantiltpi systemd[1]: Stopped LSB: Start Motion detection.
Hint: Some lines were ellipsized, use -l to show in full.
pi@pantiltpi:~ $ sudo su -s /bin/bash homeassistant
homeassistant@pantiltpi:/home/pi $ cd
homeassistant@pantiltpi:~ $ cd .homeassistant/
homeassistant@pantiltpi:~/.homeassistant $ ls
automations.yaml    customize.yaml  home-assistant.log    python_scripts  tts
configuration.yaml  deps            home-assistant_v2.db  scripts.yaml
custom_components   groups.yaml     pan_tilt-phat.py      secrets.yaml
homeassistant@pantiltpi:~/.homeassistant $ cat home-assistant.log 
2017-11-09 00:35:57 ERROR (Thread-2) [homeassistant.util.yaml] YAML file /home/homeassistant/.homeassistant/configuration.yaml contains duplicate key "group". Check lines 66 and 90.
2017-11-09 00:35:57 WARNING (MainThread) [homeassistant.bootstrap] Python 3.4 support has been deprecated and will be removed in the beginning of 2018. Please upgrade Python or your operating system. More info: https://home-assistant.io/blog/2017/10/06/deprecating-python-3.4-support/
2017-11-09 00:36:00 ERROR (MainThread) [homeassistant.loader] Unable to find component sensor.pan_tilt_phat
2017-11-09 00:36:01 ERROR (Thread-9) [homeassistant.components.camera.rpi_camera] File path is not writable
homeassistant@pantiltpi:~/.homeassistant $ nano configuration.yaml 
homeassistant@pantiltpi:~/.homeassistant $ cat automations.yaml 
- action:
  - data: {}
    service: python_script.pan_number
  alias: Pan Automation
  condition: []
  id: '1503933026472'
  trigger:
  - entity_id: input_number.pan_control
    platform: state
- action:
  - service: python_script.tilt_number
  alias: Tilt Automation
  condition: []
  id: '1503936125604'
  trigger:
  - entity_id: input_number.tilt_control
    platform: state
- action:
  - service: python_script.input_number_control
  alias: Slider Automation
  condition: []
  id: '1504157301166'
  trigger:
  - entity_id: sensor.pan_tilt_phat
    platform: state

homeassistant@pantiltpi:~/.homeassistant $ nano configuration.yaml 
homeassistant@pantiltpi:~/.homeassistant $ exit
exit
pi@pantiltpi:~ $ ls
config.ini   opencv-3.3.0          Pimoroni-PanTilt-Hat-WebInterface
Desktop      opencv_contrib-3.3.0  pimotion
Documents    opencv_contrib.zip    pistreaming
Downloads    opencv.zip            Public
get-pip.py   PanTilt               python_games
hass-cam     PanTiltFacetracker    rp_usbdisplay
mote_api.py  picamera-motion       Smart-Security-Camera
Music        Pictures              Templates
nohup.out    Pimoroni              Videos
pi@pantiltpi:~ $ cd Desktop/
pi@pantiltpi:~/Desktop $ mkdir hass-cam
pi@pantiltpi:~/Desktop $ sudo su -s /bin/bash homeassistant
homeassistant@pantiltpi:/home/pi/Desktop $ cd
homeassistant@pantiltpi:~ $ cd .homeassistant/
homeassistant@pantiltpi:~/.homeassistant $ ls
automations.yaml    customize.yaml  home-assistant.log    python_scripts  tts
configuration.yaml  deps            home-assistant_v2.db  scripts.yaml
custom_components   groups.yaml     pan_tilt-phat.py      secrets.yaml
homeassistant@pantiltpi:~/.homeassistant $ cat scripts.yaml 
'1503899567501':
  sequence:
  - alias: home-pan-tilt
    data: {}
    service: pan_tilt_phat.home
  alias: home-pan-tilt

homeassistant@pantiltpi:~/.homeassistant $ cat groups.yaml 
homeassistant@pantiltpi:~/.homeassistant $ cat custom
cat: custom: Datei oder Verzeichnis nicht gefunden
#homeassistant@pantiltpi:~/.homeassistant $ cat customize.yaml 
zone.home: {}
homeassistant@pantiltpi:~/.homeassistant $ cd custom_components/
homeassistant@pantiltpi:~/.homeassistant/custom_components $ ls
pan_tilt_phat.py  __pycache__
homeassistant@pantiltpi:~/.homeassistant/custom_components $ python pan_tilt_phat.py 
Traceback (most recent call last):
  File "pan_tilt_phat.py", line 10, in <module>
    from homeassistant.helpers.entity import Entity
ImportError: No module named homeassistant.helpers.entity
homeassistant@pantiltpi:~/.homeassistant/custom_components $ cd ..
homeassistant@pantiltpi:~/.homeassistant $ ls
automations.yaml    customize.yaml  home-assistant.log    python_scripts  tts
configuration.yaml  deps            home-assistant_v2.db  scripts.yaml
custom_components   groups.yaml     pan_tilt-phat.py      secrets.yaml
homeassistant@pantiltpi:~/.homeassistant $ cd python_scripts/
homeassistant@pantiltpi:~/.homeassistant/python_scripts $ cd
homeassistant@pantiltpi:~ $ sudo apt-get install python3-smbus

Wir gehen davon aus, dass der lokale Systemadministrator Ihnen die
Regeln erklärt hat.  Normalerweise läuft es auf drei Regeln hinaus:

    #1) Resprektieren Sie die Privatsphäre anderer.
    #2) Denken Sie nach bevor Sie tippen.
    #3) Mit großer Macht kommt große Verantwortung.

[sudo] password for homeassistant: 
homeassistant@pantiltpi:~ $ c
bash: c: Kommando nicht gefunden.
homeassistant@pantiltpi:~ $ exit
exit
pi@pantiltpi:~/Desktop $ cd
pi@pantiltpi:~ $ sudo apt-get install python3-smbus
Paketlisten werden gelesen... Fertig
Abhängigkeitsbaum wird aufgebaut.       
Statusinformationen werden eingelesen.... Fertig
python3-smbus ist schon die neueste Version.
Die folgenden Pakete wurden automatisch installiert und werden nicht mehr benötigt:
  libc-ares2 libv8-3.14.5
Verwenden Sie »apt-get autoremove«, um sie zu entfernen.
0 aktualisiert, 0 neu installiert, 0 zu entfernen und 0 nicht aktualisiert.
pi@pantiltpi:~ $ sudo su -s /bin/bash homeassistant
homeassistant@pantiltpi:/home/pi $ cd
homeassistant@pantiltpi:~ $ cd .homeassistant/
homeassistant@pantiltpi:~/.homeassistant $ ls
automations.yaml    customize.yaml  home-assistant.log    python_scripts  tts
configuration.yaml  deps            home-assistant_v2.db  scripts.yaml
custom_components   groups.yaml     pan_tilt-phat.py      secrets.yaml
homeassistant@pantiltpi:~/.homeassistant $ nano test_pan_tilt_phat.py
homeassistant@pantiltpi:~/.homeassistant $ python test_pan_tilt_phat.py 
Traceback (most recent call last):
  File "test_pan_tilt_phat.py", line 4, in <module>
    from tests.common import get_test_home_assistant
ImportError: No module named tests.common
homeassistant@pantiltpi:~/.homeassistant $ cd /var/opt/homeassistant/deps/lib/python3.4/site-packages
bash: cd: /var/opt/homeassistant/deps/lib/python3.4/site-packages: Datei oder Verzeichnis nicht gefunden
homeassistant@pantiltpi:~/.homeassistant $ exit
exit
pi@pantiltpi:~ $ cd /var/opt/homeassistant/deps/lib/python3.4/site-packages
-bash: cd: /var/opt/homeassistant/deps/lib/python3.4/site-packages: Datei oder Verzeichnis nicht gefunden
pi@pantiltpi:~ $ sudo apt-get update
OK   http://mirrordirector.raspbian.org jessie InRelease
OK   http://archive.raspberrypi.org jessie InRelease
OK   https://deb.nodesource.com jessie InRelease
OK   http://mirrordirector.raspbian.org jessie/main armhf Packages
OK   http://mirrordirector.raspbian.org jessie/contrib armhf Packages          
OK   http://archive.raspberrypi.org jessie/main armhf Packages                 
OK   http://mirrordirector.raspbian.org jessie/non-free armhf Packages
OK   https://deb.nodesource.com jessie/main Sources                            
OK   http://mirrordirector.raspbian.org jessie/rpi armhf Packages              
OK   https://deb.nodesource.com jessie/main armhf Packages                     
Holen: 1 https://deb.nodesource.com jessie/main Translation-de_DE [162 B] 
OK   http://archive.raspberrypi.org jessie/ui armhf Packages                   
Holen: 2 https://deb.nodesource.com jessie/main Translation-de [162 B]         
Holen: 3 https://deb.nodesource.com jessie/main Translation-en [162 B]         
Holen: 4 https://deb.nodesource.com jessie/main Translation-de_DE [162 B]      
Holen: 5 https://deb.nodesource.com jessie/main Translation-de [162 B]         
Holen: 6 https://deb.nodesource.com jessie/main Translation-en [162 B]         
Holen: 7 https://deb.nodesource.com jessie/main Translation-de_DE [162 B]      
Holen: 8 https://deb.nodesource.com jessie/main Translation-de [162 B]         
Holen: 9 https://deb.nodesource.com jessie/main Translation-en [162 B]         
Holen: 10 https://deb.nodesource.com jessie/main Translation-de_DE [162 B]     
Holen: 11 https://deb.nodesource.com jessie/main Translation-de [162 B]        
Holen: 12 https://deb.nodesource.com jessie/main Translation-en [162 B]        
Holen: 13 https://deb.nodesource.com jessie/main Translation-de_DE [162 B]     
Ign https://deb.nodesource.com jessie/main Translation-de_DE                   
Holen: 14 https://deb.nodesource.com jessie/main Translation-de [162 B]        
Ign https://deb.nodesource.com jessie/main Translation-de                      
Holen: 15 https://deb.nodesource.com jessie/main Translation-en [162 B]        
Ign https://deb.nodesource.com jessie/main Translation-en                      
Ign http://archive.raspberrypi.org jessie/main Translation-de_DE               
Ign http://mirrordirector.raspbian.org jessie/contrib Translation-de_DE
Ign http://mirrordirector.raspbian.org jessie/contrib Translation-de           
Ign http://archive.raspberrypi.org jessie/main Translation-de                  
Ign http://mirrordirector.raspbian.org jessie/contrib Translation-en 
Ign http://mirrordirector.raspbian.org jessie/main Translation-de_DE           
Ign http://archive.raspberrypi.org jessie/main Translation-en                  
Ign http://mirrordirector.raspbian.org jessie/main Translation-de
Ign http://mirrordirector.raspbian.org jessie/main Translation-en             
Ign http://archive.raspberrypi.org jessie/ui Translation-de_DE                
Ign http://mirrordirector.raspbian.org jessie/non-free Translation-de_DE
Ign http://mirrordirector.raspbian.org jessie/non-free Translation-de         
Ign http://archive.raspberrypi.org jessie/ui Translation-de                   
Ign http://mirrordirector.raspbian.org jessie/non-free Translation-en
Ign http://mirrordirector.raspbian.org jessie/rpi Translation-de_DE           
Ign http://archive.raspberrypi.org jessie/ui Translation-en                   
Ign http://mirrordirector.raspbian.org jessie/rpi Translation-de
Ign http://mirrordirector.raspbian.org jessie/rpi Translation-en
Paketlisten werden gelesen... Fertig
pi@pantiltpi:~ $ sudo apt-get install python3-smbus
Paketlisten werden gelesen... Fertig
Abhängigkeitsbaum wird aufgebaut.       
Statusinformationen werden eingelesen.... Fertig
python3-smbus ist schon die neueste Version.
Die folgenden Pakete wurden automatisch installiert und werden nicht mehr benötigt:
  libc-ares2 libv8-3.14.5
Verwenden Sie »apt-get autoremove«, um sie zu entfernen.
0 aktualisiert, 0 neu installiert, 0 zu entfernen und 0 nicht aktualisiert.
pi@pantiltpi:~ $ sudo raspi-config
pi@pantiltpi:~ $ sudo apt-get install python3-pip python3-dev python3-smbus git
Paketlisten werden gelesen... Fertig
Abhängigkeitsbaum wird aufgebaut.       
Statusinformationen werden eingelesen.... Fertig
git ist schon die neueste Version.
python3-dev ist schon die neueste Version.
python3-pip ist schon die neueste Version.
python3-smbus ist schon die neueste Version.
Die folgenden Pakete wurden automatisch installiert und werden nicht mehr benötigt:
  libc-ares2 libv8-3.14.5
Verwenden Sie »apt-get autoremove«, um sie zu entfernen.
0 aktualisiert, 0 neu installiert, 0 zu entfernen und 0 nicht aktualisiert.
pi@pantiltpi:~ $ pip3 install homeassistant
Downloading/unpacking homeassistant
  Downloading homeassistant-0.57.2-py2.py3-none-any.whl (7.5MB): 7.5MB downloaded
Requirement already satisfied (use --upgrade to upgrade): jinja2>=2.9.6 in /usr/local/lib/python3.4/dist-packages (from homeassistant)
Downloading/unpacking astral==1.4 (from homeassistant)
  Downloading astral-1.4-py2.py3-none-any.whl
Downloading/unpacking certifi>=2017.4.17 (from homeassistant)
  Downloading certifi-2017.11.5-py2.py3-none-any.whl (330kB): 330kB downloaded
Downloading/unpacking voluptuous==0.10.5 (from homeassistant)
  Downloading voluptuous-0.10.5.tar.gz (41kB): 41kB downloaded
  Running setup.py (path:/tmp/pip-build-rxmic7c6/voluptuous/setup.py) egg_info for package voluptuous
    WARNING: Could not locate pandoc, using Markdown long_description.
    
Downloading/unpacking async-timeout==2.0.0 (from homeassistant)
  Downloading async_timeout-2.0.0-py3-none-any.whl
Downloading/unpacking pip>=8.0.3 (from homeassistant)
  Downloading pip-9.0.1-py2.py3-none-any.whl (1.3MB): 1.3MB downloaded
Downloading/unpacking pytz>=2017.02 (from homeassistant)
  Downloading pytz-2017.3-py2.py3-none-any.whl (511kB): 511kB downloaded
Downloading/unpacking aiohttp==2.2.5 (from homeassistant)
  Downloading aiohttp-2.2.5.tar.gz (788kB): 788kB downloaded
  Running setup.py (path:/tmp/pip-build-rxmic7c6/aiohttp/setup.py) egg_info for package aiohttp
    
    warning: no previously-included files matching '*.pyc' found anywhere in distribution
    warning: no previously-included files found matching 'aiohttp/_frozenlist.html'
    warning: no previously-included files found matching 'aiohttp/_frozenlist.*.so'
    warning: no previously-included files found matching 'aiohttp/_frozenlist.pyd'
    warning: no previously-included files found matching 'aiohttp/_frozenlist.*.pyd'
    warning: no previously-included files found matching 'aiohttp/_websocket.html'
    warning: no previously-included files found matching 'aiohttp/_websocket.*.so'
    warning: no previously-included files found matching 'aiohttp/_websocket.pyd'
    warning: no previously-included files found matching 'aiohttp/_websocket.*.pyd'
    no previously-included directories found matching 'docs/_build'
Downloading/unpacking typing>=3,<4 (from homeassistant)
  Downloading typing-3.6.2-py3-none-any.whl
Downloading/unpacking chardet==3.0.4 (from homeassistant)
  Downloading chardet-3.0.4-py2.py3-none-any.whl (133kB): 133kB downloaded
Downloading/unpacking pyyaml>=3.11,<4 (from homeassistant)
  Downloading PyYAML-3.12.tar.gz (253kB): 253kB downloaded
  Running setup.py (path:/tmp/pip-build-rxmic7c6/pyyaml/setup.py) egg_info for package pyyaml
    
Downloading/unpacking requests==2.18.4 (from homeassistant)
  Downloading requests-2.18.4-py2.py3-none-any.whl (88kB): 88kB downloaded
Downloading/unpacking multidict>=2.1.4 (from aiohttp==2.2.5->homeassistant)
  Downloading multidict-3.3.2.tar.gz (129kB): 129kB downloaded
  Running setup.py (path:/tmp/pip-build-rxmic7c6/multidict/setup.py) egg_info for package multidict
    /usr/lib/python3.4/distutils/dist.py:260: UserWarning: Unknown distribution option: 'python_requires'
      warnings.warn(msg)
    
    warning: no previously-included files matching '*.pyc' found anywhere in distribution
    warning: no previously-included files found matching 'multidict/_multidict.html'
    warning: no previously-included files found matching 'multidict/_multidict.*.so'
    warning: no previously-included files found matching 'multidict/_multidict.pyd'
    warning: no previously-included files found matching 'multidict/_multidict.*.pyd'
    no previously-included directories found matching 'docs/_build'
Downloading/unpacking yarl>=0.11 (from aiohttp==2.2.5->homeassistant)
  Downloading yarl-0.13.0.tar.gz (136kB): 136kB downloaded
  Running setup.py (path:/tmp/pip-build-rxmic7c6/yarl/setup.py) egg_info for package yarl
    
    warning: no previously-included files matching '*.pyc' found anywhere in distribution
    warning: no previously-included files matching '*.cache' found anywhere in distribution
    warning: no previously-included files found matching 'yarl/_quoting.html'
    warning: no previously-included files found matching 'yarl/_quoting.*.so'
    warning: no previously-included files found matching 'yarl/_quoting.pyd'
    warning: no previously-included files found matching 'yarl/_quoting.*.pyd'
    no previously-included directories found matching 'docs/_build'
Downloading/unpacking urllib3>=1.21.1,<1.23 (from requests==2.18.4->homeassistant)
  Downloading urllib3-1.22-py2.py3-none-any.whl (132kB): 132kB downloaded
Downloading/unpacking idna>=2.5,<2.7 (from requests==2.18.4->homeassistant)
  Downloading idna-2.6-py2.py3-none-any.whl (56kB): 56kB downloaded
Installing collected packages: homeassistant, astral, certifi, voluptuous, async-timeout, pip, pytz, aiohttp, typing, chardet, pyyaml, requests, multidict, yarl, urllib3, idna
Cleaning up...
Exception:
Traceback (most recent call last):
  File "/usr/lib/python3/dist-packages/pip/basecommand.py", line 122, in main
    status = self.run(options, args)
  File "/usr/lib/python3/dist-packages/pip/commands/install.py", line 295, in run
    requirement_set.install(install_options, global_options, root=options.root_path)
  File "/usr/lib/python3/dist-packages/pip/req.py", line 1436, in install
    requirement.install(install_options, global_options, *args, **kwargs)
  File "/usr/lib/python3/dist-packages/pip/req.py", line 672, in install
    self.move_wheel_files(self.source_dir, root=root)
  File "/usr/lib/python3/dist-packages/pip/req.py", line 902, in move_wheel_files
    pycompile=self.pycompile,
  File "/usr/lib/python3/dist-packages/pip/wheel.py", line 214, in move_wheel_files
    clobber(source, lib_dir, True)
  File "/usr/lib/python3/dist-packages/pip/wheel.py", line 204, in clobber
    os.makedirs(destdir)
  File "/usr/lib/python3.4/os.py", line 237, in makedirs
    mkdir(name, mode)
PermissionError: [Errno 13] Permission denied: '/usr/local/lib/python3.4/dist-packages/homeassistant-0.57.2.dist-info'

Storing debug log for failure in /home/pi/.pip/pip.log
pi@pantiltpi:~ $ sudo pip3 install homeassistant
Downloading/unpacking homeassistant
  Downloading homeassistant-0.57.2-py2.py3-none-any.whl (7.5MB): 7.5MB downloaded
Downloading/unpacking pyyaml>=3.11,<4 (from homeassistant)
  Downloading PyYAML-3.12.tar.gz (253kB): 253kB downloaded
  Running setup.py (path:/tmp/pip-build-lwagjj2v/pyyaml/setup.py) egg_info for package pyyaml
    
Requirement already satisfied (use --upgrade to upgrade): jinja2>=2.9.6 in /usr/local/lib/python3.4/dist-packages (from homeassistant)
Downloading/unpacking requests==2.18.4 (from homeassistant)
  Downloading requests-2.18.4-py2.py3-none-any.whl (88kB): 88kB downloaded
Downloading/unpacking certifi>=2017.4.17 (from homeassistant)
  Downloading certifi-2017.11.5-py2.py3-none-any.whl (330kB): 330kB downloaded
Downloading/unpacking voluptuous==0.10.5 (from homeassistant)
  Downloading voluptuous-0.10.5.tar.gz (41kB): 41kB downloaded
  Running setup.py (path:/tmp/pip-build-lwagjj2v/voluptuous/setup.py) egg_info for package voluptuous
    WARNING: Could not locate pandoc, using Markdown long_description.
    
Downloading/unpacking async-timeout==2.0.0 (from homeassistant)
  Downloading async_timeout-2.0.0-py3-none-any.whl
Downloading/unpacking chardet==3.0.4 (from homeassistant)
  Downloading chardet-3.0.4-py2.py3-none-any.whl (133kB): 133kB downloaded
Downloading/unpacking aiohttp==2.2.5 (from homeassistant)
  Downloading aiohttp-2.2.5.tar.gz (788kB): 788kB downloaded
  Running setup.py (path:/tmp/pip-build-lwagjj2v/aiohttp/setup.py) egg_info for package aiohttp
    
    warning: no previously-included files matching '*.pyc' found anywhere in distribution
    warning: no previously-included files found matching 'aiohttp/_frozenlist.html'
    warning: no previously-included files found matching 'aiohttp/_frozenlist.*.so'
    warning: no previously-included files found matching 'aiohttp/_frozenlist.pyd'
    warning: no previously-included files found matching 'aiohttp/_frozenlist.*.pyd'
    warning: no previously-included files found matching 'aiohttp/_websocket.html'
    warning: no previously-included files found matching 'aiohttp/_websocket.*.so'
    warning: no previously-included files found matching 'aiohttp/_websocket.pyd'
    warning: no previously-included files found matching 'aiohttp/_websocket.*.pyd'
    no previously-included directories found matching 'docs/_build'
Downloading/unpacking pytz>=2017.02 (from homeassistant)
  Downloading pytz-2017.3-py2.py3-none-any.whl (511kB): 511kB downloaded
Downloading/unpacking typing>=3,<4 (from homeassistant)
  Downloading typing-3.6.2-py3-none-any.whl
Downloading/unpacking astral==1.4 (from homeassistant)
  Downloading astral-1.4-py2.py3-none-any.whl
Downloading/unpacking pip>=8.0.3 (from homeassistant)
  Downloading pip-9.0.1-py2.py3-none-any.whl (1.3MB): 1.3MB downloaded
Downloading/unpacking idna>=2.5,<2.7 (from requests==2.18.4->homeassistant)
  Downloading idna-2.6-py2.py3-none-any.whl (56kB): 56kB downloaded
Downloading/unpacking urllib3>=1.21.1,<1.23 (from requests==2.18.4->homeassistant)
  Downloading urllib3-1.22-py2.py3-none-any.whl (132kB): 132kB downloaded
Downloading/unpacking multidict>=2.1.4 (from aiohttp==2.2.5->homeassistant)
  Downloading multidict-3.3.2.tar.gz (129kB): 129kB downloaded
  Running setup.py (path:/tmp/pip-build-lwagjj2v/multidict/setup.py) egg_info for package multidict
    /usr/lib/python3.4/distutils/dist.py:260: UserWarning: Unknown distribution option: 'python_requires'
      warnings.warn(msg)
    
    warning: no previously-included files matching '*.pyc' found anywhere in distribution
    warning: no previously-included files found matching 'multidict/_multidict.html'
    warning: no previously-included files found matching 'multidict/_multidict.*.so'
    warning: no previously-included files found matching 'multidict/_multidict.pyd'
    warning: no previously-included files found matching 'multidict/_multidict.*.pyd'
    no previously-included directories found matching 'docs/_build'
Downloading/unpacking yarl>=0.11 (from aiohttp==2.2.5->homeassistant)
  Downloading yarl-0.13.0.tar.gz (136kB): 136kB downloaded
  Running setup.py (path:/tmp/pip-build-lwagjj2v/yarl/setup.py) egg_info for package yarl
    
    warning: no previously-included files matching '*.pyc' found anywhere in distribution
    warning: no previously-included files matching '*.cache' found anywhere in distribution
    warning: no previously-included files found matching 'yarl/_quoting.html'
    warning: no previously-included files found matching 'yarl/_quoting.*.so'
    warning: no previously-included files found matching 'yarl/_quoting.pyd'
    warning: no previously-included files found matching 'yarl/_quoting.*.pyd'
    no previously-included directories found matching 'docs/_build'
Installing collected packages: homeassistant, pyyaml, requests, certifi, voluptuous, async-timeout, chardet, aiohttp, pytz, typing, astral, pip, idna, urllib3, multidict, yarl
  Running setup.py install for pyyaml
    checking if libyaml is compilable
    arm-linux-gnueabihf-gcc -pthread -DNDEBUG -g -fwrapv -O2 -Wall -Wstrict-prototypes -g -fstack-protector-strong -Wformat -Werror=format-security -D_FORTIFY_SOURCE=2 -fPIC -I/usr/include/python3.4m -c build/temp.linux-armv7l-3.4/check_libyaml.c -o build/temp.linux-armv7l-3.4/check_libyaml.o
    build/temp.linux-armv7l-3.4/check_libyaml.c:2:18: fatal error: yaml.h: Datei oder Verzeichnis nicht gefunden
     #include <yaml.h>
                      ^
    compilation terminated.
    
    libyaml is not found or a compiler error: forcing --without-libyaml
    (if libyaml is installed correctly, you may need to
     specify the option --include-dirs or uncomment and
     modify the parameter include_dirs in setup.cfg)
    
  Found existing installation: requests 2.4.3
    Not uninstalling requests at /usr/lib/python3/dist-packages, owned by OS
  Running setup.py install for voluptuous
    WARNING: Could not locate pandoc, using Markdown long_description.
    
  Found existing installation: chardet 2.3.0
    Not uninstalling chardet at /usr/lib/python3/dist-packages, owned by OS
  Running setup.py install for aiohttp
    
    warning: no previously-included files matching '*.pyc' found anywhere in distribution
    warning: no previously-included files found matching 'aiohttp/_frozenlist.html'
    warning: no previously-included files found matching 'aiohttp/_frozenlist.*.so'
    warning: no previously-included files found matching 'aiohttp/_frozenlist.pyd'
    warning: no previously-included files found matching 'aiohttp/_frozenlist.*.pyd'
    warning: no previously-included files found matching 'aiohttp/_websocket.html'
    warning: no previously-included files found matching 'aiohttp/_websocket.*.so'
    warning: no previously-included files found matching 'aiohttp/_websocket.pyd'
    warning: no previously-included files found matching 'aiohttp/_websocket.*.pyd'
    no previously-included directories found matching 'docs/_build'
    building 'aiohttp._websocket' extension
    arm-linux-gnueabihf-gcc -pthread -DNDEBUG -g -fwrapv -O2 -Wall -Wstrict-prototypes -g -fstack-protector-strong -Wformat -Werror=format-security -D_FORTIFY_SOURCE=2 -fPIC -I/usr/include/python3.4m -c aiohttp/_websocket.c -o build/temp.linux-armv7l-3.4/aiohttp/_websocket.o
    arm-linux-gnueabihf-gcc -pthread -shared -Wl,-O1 -Wl,-Bsymbolic-functions -Wl,-z,relro -Wl,-z,relro -g -fstack-protector-strong -Wformat -Werror=format-security -D_FORTIFY_SOURCE=2 build/temp.linux-armv7l-3.4/aiohttp/_websocket.o -o build/lib.linux-armv7l-3.4/aiohttp/_websocket.cpython-34m.so
    building 'aiohttp._http_parser' extension
    arm-linux-gnueabihf-gcc -pthread -DNDEBUG -g -fwrapv -O2 -Wall -Wstrict-prototypes -g -fstack-protector-strong -Wformat -Werror=format-security -D_FORTIFY_SOURCE=2 -fPIC -I/usr/include/python3.4m -c aiohttp/_http_parser.c -o build/temp.linux-armv7l-3.4/aiohttp/_http_parser.o
    arm-linux-gnueabihf-gcc -pthread -DNDEBUG -g -fwrapv -O2 -Wall -Wstrict-prototypes -g -fstack-protector-strong -Wformat -Werror=format-security -D_FORTIFY_SOURCE=2 -fPIC -I/usr/include/python3.4m -c vendor/http-parser/http_parser.c -o build/temp.linux-armv7l-3.4/vendor/http-parser/http_parser.o
    arm-linux-gnueabihf-gcc -pthread -shared -Wl,-O1 -Wl,-Bsymbolic-functions -Wl,-z,relro -Wl,-z,relro -g -fstack-protector-strong -Wformat -Werror=format-security -D_FORTIFY_SOURCE=2 build/temp.linux-armv7l-3.4/aiohttp/_http_parser.o build/temp.linux-armv7l-3.4/vendor/http-parser/http_parser.o -o build/lib.linux-armv7l-3.4/aiohttp/_http_parser.cpython-34m.so
    building 'aiohttp._frozenlist' extension
    arm-linux-gnueabihf-gcc -pthread -DNDEBUG -g -fwrapv -O2 -Wall -Wstrict-prototypes -g -fstack-protector-strong -Wformat -Werror=format-security -D_FORTIFY_SOURCE=2 -fPIC -I/usr/include/python3.4m -c aiohttp/_frozenlist.c -o build/temp.linux-armv7l-3.4/aiohttp/_frozenlist.o
    arm-linux-gnueabihf-gcc -pthread -shared -Wl,-O1 -Wl,-Bsymbolic-functions -Wl,-z,relro -Wl,-z,relro -g -fstack-protector-strong -Wformat -Werror=format-security -D_FORTIFY_SOURCE=2 build/temp.linux-armv7l-3.4/aiohttp/_frozenlist.o -o build/lib.linux-armv7l-3.4/aiohttp/_frozenlist.cpython-34m.so
  Found existing installation: pip 1.5.6
    Not uninstalling pip at /usr/lib/python3/dist-packages, owned by OS
  Found existing installation: urllib3 1.9.1
    Not uninstalling urllib3 at /usr/lib/python3/dist-packages, owned by OS
  Running setup.py install for multidict
    /usr/lib/python3.4/distutils/dist.py:260: UserWarning: Unknown distribution option: 'python_requires'
      warnings.warn(msg)
    
    warning: no previously-included files matching '*.pyc' found anywhere in distribution
    warning: no previously-included files found matching 'multidict/_multidict.html'
    warning: no previously-included files found matching 'multidict/_multidict.*.so'
    warning: no previously-included files found matching 'multidict/_multidict.pyd'
    warning: no previously-included files found matching 'multidict/_multidict.*.pyd'
    no previously-included directories found matching 'docs/_build'
    building 'multidict._multidict' extension
    arm-linux-gnueabihf-gcc -pthread -DNDEBUG -g -fwrapv -O2 -Wall -Wstrict-prototypes -g -fstack-protector-strong -Wformat -Werror=format-security -D_FORTIFY_SOURCE=2 -fPIC -I/usr/include/python3.4m -c multidict/_multidict.c -o build/temp.linux-armv7l-3.4/multidict/_multidict.o
    arm-linux-gnueabihf-gcc -pthread -shared -Wl,-O1 -Wl,-Bsymbolic-functions -Wl,-z,relro -Wl,-z,relro -g -fstack-protector-strong -Wformat -Werror=format-security -D_FORTIFY_SOURCE=2 build/temp.linux-armv7l-3.4/multidict/_multidict.o -o build/lib.linux-armv7l-3.4/multidict/_multidict.cpython-34m.so
    building 'multidict._istr' extension
    arm-linux-gnueabihf-gcc -pthread -DNDEBUG -g -fwrapv -O2 -Wall -Wstrict-prototypes -g -fstack-protector-strong -Wformat -Werror=format-security -D_FORTIFY_SOURCE=2 -fPIC -I/usr/include/python3.4m -c multidict/_istr.c -o build/temp.linux-armv7l-3.4/multidict/_istr.o
    arm-linux-gnueabihf-gcc -pthread -shared -Wl,-O1 -Wl,-Bsymbolic-functions -Wl,-z,relro -Wl,-z,relro -g -fstack-protector-strong -Wformat -Werror=format-security -D_FORTIFY_SOURCE=2 build/temp.linux-armv7l-3.4/multidict/_istr.o -o build/lib.linux-armv7l-3.4/multidict/_istr.cpython-34m.so
  Running setup.py install for yarl
    
    warning: no previously-included files matching '*.pyc' found anywhere in distribution
    warning: no previously-included files matching '*.cache' found anywhere in distribution
    warning: no previously-included files found matching 'yarl/_quoting.html'
    warning: no previously-included files found matching 'yarl/_quoting.*.so'
    warning: no previously-included files found matching 'yarl/_quoting.pyd'
    warning: no previously-included files found matching 'yarl/_quoting.*.pyd'
    no previously-included directories found matching 'docs/_build'
    building 'yarl._quoting' extension
    arm-linux-gnueabihf-gcc -pthread -DNDEBUG -g -fwrapv -O2 -Wall -Wstrict-prototypes -g -fstack-protector-strong -Wformat -Werror=format-security -D_FORTIFY_SOURCE=2 -fPIC -I/usr/include/python3.4m -c yarl/_quoting.c -o build/temp.linux-armv7l-3.4/yarl/_quoting.o
    arm-linux-gnueabihf-gcc -pthread -shared -Wl,-O1 -Wl,-Bsymbolic-functions -Wl,-z,relro -Wl,-z,relro -g -fstack-protector-strong -Wformat -Werror=format-security -D_FORTIFY_SOURCE=2 build/temp.linux-armv7l-3.4/yarl/_quoting.o -o build/lib.linux-armv7l-3.4/yarl/_quoting.cpython-34m.so
Successfully installed homeassistant pyyaml requests certifi voluptuous async-timeout chardet aiohttp pytz typing astral pip idna urllib3 multidict yarl
Cleaning up...
pi@pantiltpi:~ $ cd /etc/init.d/
pi@pantiltpi:/etc/init.d $ ls
alsa-utils              hostname.sh            networking    rsyslog
avahi-daemon            hwclock.sh             nfs-common    sendsigs
bluetooth               kbd                    ntp           single
bootlogs                keyboard-setup         plymouth      skeleton
bootmisc.sh             killprocs              plymouth-log  ssh
checkfs.sh              kmod                   procps        sudo
checkroot-bootclean.sh  lightdm                raspi-config  triggerhappy
checkroot.sh            motd                   rc            udev
console-setup           motion                 rc.local      udev-finish
cron                    mountall-bootclean.sh  rcS           umountfs
dbus                    mountall.sh            README        umountnfs.sh
dhcpcd                  mountdevsubfs.sh       reboot        umountroot
dphys-swapfile          mountkernfs.sh         rmnologin     urandom
fake-hwclock            mountnfs-bootclean.sh  rpcbind       x11-common
halt                    mountnfs.sh            rsync
pi@pantiltpi:/etc/init.d $ cat motion 
#!/bin/sh -e
#
# /etc/init.d/motion: Start the motion detection
#
### BEGIN INIT INFO
# Provides:	  motion
# Required-Start: $local_fs $syslog $remote_fs
# Required-Stop: $remote_fs
# Default-Start:  2 3 4 5
# Default-Stop: 0 1 6
# Short-Description: Start Motion detection
# Description: loads motion and assigns privileges
### END INIT INFO

# Ported to new debian way using sh and /lib/lsb/init-functions
# by Angel Carpintero <ack@telefonica.net>
# Modified by : Juan Angulo Moreno <juan@apuntale.com>
#               Eddy Petrisor <eddy.petrisor@gmail.com>
#               ArAge <ArAge@gmx.co.uk>

NAME=motion
PATH_BIN=/bin:/usr/bin:/sbin:/usr/sbin
DAEMON=/usr/bin/motion
PIDFILE=/var/run/$NAME.pid
DEFAULTS=/etc/default/$NAME
DESC="motion detection daemon"

ENV="env -i LANG=C PATH=$PATH_BIN"

. /lib/lsb/init-functions

test -x $DAEMON || exit 0

RET=0

[ -r "$DEFAULTS" ] && . "$DEFAULTS" || start_motion_daemon=yes


check_daemon_enabled () {
    if [ "$start_motion_daemon" = "yes" ] ; then
        return 0
    else
        log_warning_msg "Not starting $NAME daemon, disabled via /etc/default/$NAME"
        return 1
    fi

}


case "$1" in
  start)
    if check_daemon_enabled ; then
        if ! [ -d /var/run/motion ]; then
                mkdir /var/run/motion
        fi
        chown motion:motion /var/run/motion

	log_daemon_msg "Starting $DESC" "$NAME" 
if start-stop-daemon --start --oknodo --exec $DAEMON -b --chuid motion ; then
            log_end_msg 0
        else
            log_end_msg 1
            RET=1
        fi
    fi
    ;;

  stop)
    log_daemon_msg "Stopping $DESC" "$NAME"
    if start-stop-daemon --stop --oknodo --exec $DAEMON --retry 30 ; then
        log_end_msg 0
    else
        log_end_msg 1
        RET=1
    fi
    ;;

  reload|force-reload)
    log_daemon_msg "Reloading $NAME configuration"
    if start-stop-daemon --stop --signal HUP --exec $DAEMON ; then
        log_end_msg 0
    else
        log_end_msg 1
        RET=1
    fi
    ;;

  restart-motion)
    if check_daemon_enabled ; then
        log_action_begin_msg "Restarting $NAME"
        if $0 stop && $0 start ; then
            log_action_end_msg 0
        else
            log_action_cont_msg "(failed)"
            RET=1
        fi
    fi
    ;;

  restart)
    $0 restart-motion
    ;;

  status)
    status_of_proc /usr/bin/motion motion
    ;;

  *)
    echo "Usage: /etc/init.d/$NAME {start|stop|restart|reload|status}"
    RET=1
    ;;
esac


exit $RET
pi@pantiltpi:/etc/init.d $ cd
pi@pantiltpi:~ $ update-rc.d -f motion remove
insserv: can not remove(../rc0.d/K01motion): Permission denied
insserv: can not remove(../rc1.d/K01motion): Permission denied
insserv: can not remove(../rc2.d/S02motion): Permission denied
insserv: can not remove(../rc3.d/S02motion): Permission denied
insserv: can not remove(../rc4.d/S02motion): Permission denied
insserv: can not remove(../rc5.d/S02motion): Permission denied
insserv: can not remove(../rc6.d/K01motion): Permission denied
insserv: fopen(.depend.stop): Permission denied
Failed to execute operation: Access denied
pi@pantiltpi:~ $ sudo update-rc.d -f motion remove
pi@pantiltpi:~ $ sudo nano /etc/init.d/hass-daemon
pi@pantiltpi:~ $ sudo chmod +x /etc/init.d/hass-daemon
pi@pantiltpi:~ $ cd /usr/bin/hass
-bash: cd: /usr/bin/hass: Datei oder Verzeichnis nicht gefunden
pi@pantiltpi:~ $ cd /usr/bin/
pi@pantiltpi:/usr/bin $ ls
[                                       lsusb
2to3                                    lua
2to3-2.7                                lua5.1
2to3-3.4                                luac
a2p                                     luac5.1
aclocal                                 luajit
aclocal-1.14                            luajit-2.0.3
aconnect                                luit
addpart                                 lupdate
addr2line                               lxappearance
alacarte                                lxclipboard
alsa_in                                 lxde-logout
alsaloop                                lxde-pi-shutdown-helper
alsamixer                               lxinput
alsa_out                                lxkeymap
alsaucm                                 lxlock
amidi                                   lxpanel
amixer                                  lxpanelctl
aplay                                   lxpolkit
aplaymidi                               lxrandr
appletviewer                            lxsession
appres                                  lxsession-db
apropos                                 lxsession-default
apt                                     lxsession-default-apps
apt-cache                               lxsession-default-terminal
apt-cdrom                               lxsession-edit
apt-config                              lxsession-logout
apt-extracttemplates                    lxsession-xdg-autostart
apt-ftparchive                          lxsession-xsettings
apt-get                                 lxsettings-daemon
aptitude                                lxtask
aptitude-create-state-bundle            lxterminal
aptitude-curses                         lzcat
aptitude-run-state-bundle               lzcmp
apt-key                                 lzdiff
apt-listchanges                         lzegrep
apt-mark                                lzfgrep
apt-sortpkgs                            lzgrep
ar                                      lzless
arch                                    lzma
arecord                                 lzmainfo
arecordmidi                             lzmore
arm-linux-gnueabihf-addr2line           m4
arm-linux-gnueabihf-ar                  make
arm-linux-gnueabihf-as                  make-first-existing-target
arm-linux-gnueabihf-c++filt             man
arm-linux-gnueabihf-cpp                 mandb
arm-linux-gnueabihf-cpp-4.9             manpath
arm-linux-gnueabihf-dwp                 mapscrn
arm-linux-gnueabihf-elfedit             mathematica
arm-linux-gnueabihf-g++                 Mathematica
arm-linux-gnueabihf-g++-4.9             mawk
arm-linux-gnueabihf-gcc                 mcc
arm-linux-gnueabihf-gcc-4.9             mcookie
arm-linux-gnueabihf-gcc-ar              md5sum
arm-linux-gnueabihf-gcc-ar-4.9          md5sum.textutils
arm-linux-gnueabihf-gcc-nm              media-ctl
arm-linux-gnueabihf-gcc-nm-4.9          mesg
arm-linux-gnueabihf-gcc-ranlib          minecraft-pi
arm-linux-gnueabihf-gcc-ranlib-4.9      miniterm.py
arm-linux-gnueabihf-gcov                mkfifo
arm-linux-gnueabihf-gcov-4.9            mkfontdir
arm-linux-gnueabihf-gfortran            mkfontscale
arm-linux-gnueabihf-gfortran-4.9        mk_modmap
arm-linux-gnueabihf-gprof               moc
arm-linux-gnueabihf-ld                  motion
arm-linux-gnueabihf-ld.bfd              msgattrib
arm-linux-gnueabihf-ld.gold             msgcat
arm-linux-gnueabihf-nm                  msgcmp
arm-linux-gnueabihf-objcopy             msgcomm
arm-linux-gnueabihf-objdump             msgconv
arm-linux-gnueabihf-python2.7-config    msgen
arm-linux-gnueabihf-python3.4-config    msgexec
arm-linux-gnueabihf-python3.4m-config   msgfilter
arm-linux-gnueabihf-python3-config      msgfmt
arm-linux-gnueabihf-python3m-config     msggrep
arm-linux-gnueabihf-ranlib              msginit
arm-linux-gnueabihf-readelf             msgmerge
arm-linux-gnueabihf-run                 msgunfmt
arm-linux-gnueabihf-size                msguniq
arm-linux-gnueabihf-strings             mtrace
arm-linux-gnueabihf-strip               namei
arm-unknown-linux-gnueabihf-pkg-config  nano
as                                      native2ascii
aseqdump                                nawk
aseqnet                                 ncal
aspell                                  ncdu
aspell-import                           ncurses5-config
assistant                               ncursesw5-config
autoconf                                ndg_httpclient
autoheader                              neqn
autom4te                                netsurf
automake                                netsurf-gtk
automake-1.14                           newgrp
autopoint                               ngettext
autoreconf                              nice
autoscan                                nl
autoupdate                              nm
avconv                                  node
avplay                                  nodejs
avprobe                                 nohup
awk                                     npm
base64                                  nproc
basename                                nroff
bashbug                                 nsenter
bccmd                                   nstat
bdftopcf                                ntpdc
bdftruncate                             ntpq
bluej                                   ntpsweep
bluetoothctl                            ntptrace
broadwayd                               numfmt
bsd-from                                objcopy
bsd-write                               objdump
btmon                                   obxprop
btuart                                  od
busctl                                  oldfind
c++                                     omshell
c2ph                                    omxplayer
c89                                     omxplayer.bin
c89-gcc                                 openbox
c99                                     openbox-lxde
c99-gcc                                 openbox-lxde-pi
cal                                     openbox-session
calendar                                openssl
cancel                                  orbd
captoinfo                               pacat
catchsegv                               pack200
catman                                  pacmd
cc                                      pactl
c++filt                                 padsp
chacl                                   pager
chage                                   pamon
chardet                                 pango-querymodules
chardet3                                pango-view
chardetect                              paplay
chardetect3                             parec
chattr                                  parecord
chcon                                   partx
chfn                                    passwd
chromium-browser                        paste
chrt                                    pasuspender
chsh                                    patch
cifscreds                               pathchk
ciptool                                 pax11publish
ckbcomp                                 pcmanfm
cksum                                   pcre-config
claws-mail                              pdb
clear                                   pdb2.7
clear_console                           pdb3
cmake                                   pdb3.4
cmp                                     pdfdetach
codepage                                pdffonts
col                                     pdfimages
colcrt                                  pdfinfo
colrm                                   pdfseparate
column                                  pdftocairo
comm                                    pdftohtml
compose                                 pdftoppm
config_data                             pdftops
config_data.diverted                    pdftotext
convert-dtsv0                           pdfunite
corelist                                peekfd
cpack                                   penguinspuzzle
cpan                                    perl
cpansign                                perl5.20.2
cpp                                     perlbug
cpp-4.9                                 perldoc
crc32                                   perlivp
c_rehash                                perlthanks
crontab                                 pg
csplit                                  pgrep
ctest                                   pgzrun
ctstat                                  pic
cupstestdsc                             piclone
cupstestppd                             pico
curl                                    piconv
cut                                     pifacedigital-scratch-handler
cvt                                     pig2vcd
cx18-ctl                                pigpiod
dbus-cleanup-sockets                    pi-gpk-dbus-service
dbus-daemon                             pi-gpk-install-local-file
dbus-launch                             pi-gpk-log
dbus-monitor                            pi-gpk-prefs
dbus-run-session                        pi-gpk-update-viewer
dbus-send                               pigs
dbus-uuidgen                            pilconvert
dc                                      pilconvert.py
ddcmon                                  pildriver
deallocvt                               pildriver.py
debconf                                 pilfile
debconf-apt-progress                    pilfile.py
debconf-communicate                     pilfont
debconf-copydb                          pilfont.py
debconf-escape                          pilprint
debconf-getlang                         pilprint.py
debconf-get-selections                  pimixer
debconf-gettextize                      pimoroni-dashboard
debconf-loadtemplate                    pinentry
debconf-mergetemplate                   pinentry-gtk-2
debconf-set-selections                  pinentry-x11
debconf-show                            pinky
debconf-updatepo                        pinout
debian-reference                        pip3
deb-systemd-helper                      pip-3.2
deb-systemd-invoke                      pi-packages
decode-dimms                            pipanel
decode-edid                             pixeltool
decode_tm6000                           pkaction
decode-vaio                             pkcheck
delpart                                 pkexec
designer                                pkg-config
desktop-file-edit                       pkill
desktop-file-install                    pkttyagent
desktop-file-validate                   pl2pm
dh                                      pldd
dh_auto_build                           pmap
dh_auto_clean                           po2debconf
dh_auto_configure                       pod2html
dh_auto_install                         pod2latex
dh_autoreconf                           pod2man
dh_autoreconf_clean                     pod2readme
dh_auto_test                            pod2text
dh_autotools-dev_restoreconfig          pod2usage
dh_autotools-dev_updateconfig           podchecker
dh_bash-completion                      podebconf-display-po
dh_bugfiles                             podebconf-report-po
dh_builddeb                             podselect
dh_clean                                point-rpi
dh_compress                             policytool
dh_dkms                                 pr
dh_fixperms                             precat
dh_gconf                                preconv
dh_gencontrol                           prename
dh_gtkmodules                           preunzip
dh_icons                                prezip
dh_install                              prezip-bin
dh_installcatalogs                      print
dh_installchangelogs                    printenv
dh_installcron                          printerbanner
dh_installdeb                           printf
dh_installdebconf                       prlimit
dh_installdirs                          prove
dh_installdocs                          prtstat
dh_installemacsen                       psed
dh_installexamples                      psfaddtable
dh_installgsettings                     psfgettable
dh_installifupdown                      psfstriptable
dh_installinfo                          psfxtable
dh_installinit                          pstree
dh_installlogcheck                      pstree.x11
dh_installlogrotate                     pstruct
dh_installman                           ptar
dh_installmanpages                      ptardiff
dh_installmenu                          ptargrep
dh_installmime                          ptx
dh_installmodules                       pulseaudio
dh_installpam                           pwdx
dh_installppp                           py3clean
dh_installudev                          py3compile
dh_installwm                            py3versions
dh_installxfonts                        pybuild
dh_installxmlcatalogs                   pyclean
dh_link                                 pycompile
dh_lintian                              pydoc
dh_listpackages                         pydoc2.7
dh_makeshlibs                           pydoc3
dh_md5sums                              pydoc3.4
dh_movefiles                            pygettext
dh_numpy                                pygettext2.7
dh_numpy3                               pygettext3
dh_pangomodules                         pygettext3.4
dh_perl                                 pypy
dh_prep                                 pypyclean
dh_pypy                                 pypycompile
dh_pysupport                            python
dh_python2                              python2
dh_python3                              python2.7
dh_shlibdeps                            python2.7-config
dh_strip                                python3
dh_strip_nondeterminism                 python3.4
dh_systemd_enable                       python3.4-config
dh_systemd_start                        python3.4m
dh_testdir                              python3.4m-config
dh_testroot                             python3-config
dh_ucf                                  python3m
dh_update_autotools_config              python3m-config
dh_usrlocal                             pyvenv
diff                                    pyvenv-3.4
diff3                                   pyversions
dillo                                   qcollectiongenerator
dillo-install-hyphenation               qdbus
dircolors                               qdbuscpp2xml
dirname                                 qdbusviewer
dm-tool                                 qdbusxml2cpp
dotlockfile                             qdoc
dpid                                    qdoc3
dpidc                                   qglinfo
dpkg                                    qhelpconverter
dpkg-architecture                       qhelpgenerator
dpkg-buildflags                         qjackctl
dpkg-buildpackage                       qlalr
dpkg-checkbuilddeps                     qmake
dpkg-deb                                qml
dpkg-distaddfile                        qml1plugindump
dpkg-divert                             qmlbundle
dpkg-genchanges                         qmlimportscanner
dpkg-gencontrol                         qmlmin
dpkg-gensymbols                         qmlplugindump
dpkg-maintscript-helper                 qmlprofiler
dpkg-mergechangelogs                    qmlscene
dpkg-name                               qmltestrunner
dpkg-parsechangelog                     qmlviewer
dpkg-query                              qtchooser
dpkg-scanpackages                       qtconfig
dpkg-scansources                        qtdiag
dpkg-shlibdeps                          qt-faststart
dpkg-source                             qtpaths
dpkg-split                              rake2.1
dpkg-statoverride                       ranlib
dpkg-trigger                            raspi-config
dpkg-vendor                             raspi-gpio
dtc                                     raspistill
dtdiff                                  raspivid
dtmerge                                 raspividyuv
dtoverlay                               raspiyuv
dtoverlay-post                          rcc
dtoverlay-pre                           rc_gui
dtparam                                 rcp
du                                      rctest
dumpkeys                                rdoc
dwp                                     rdoc2.1
easy_install                            rds-ctl
easy_install-2.7                        readelf
easy_install3                           realpath
easy_install-3.4                        recode-sr-latin
edidparser                              rename
edit                                    rename.ul
editor                                  renice
editres                                 reset
elfedit                                 resizepart
enc2xs                                  rev
env                                     rfcomm
envsubst                                rgrep
ephy-profile-migrator                   ri
epiphany                                ri2.1
epiphany-browser                        rlogin
eqn                                     rmic
erb                                     rmid
erb2.1                                  rmiregistry
ex                                      routef
expand                                  routel
expiry                                  rpcgen
expr                                    rpi-update
extcheck                                rsh
f2py                                    rsync
f2py2.7                                 RTIMULibCal
f2py3                                   RTIMULibDrive11
f2py3.4                                 rtstat
f77                                     ruby
f95                                     ruby2.1
factor                                  runcon
faillog                                 run-mailcap
faked-sysv                              run-with-aspell
faked-tcp                               rview
fakeroot                                s2p
fakeroot-sysv                           savelog
fakeroot-tcp                            schemagen
fallocate                               scp
fc-cache                                scratch
fc-cat                                  scratch2
fc-list                                 scratch.old
fc-match                                screendump
fc-pattern                              script
fc-query                                scriptreplay
fc-scan                                 scrot
fc-validate                             scsynth
fdtdump                                 sdiff
fdtget                                  sdptool
fdtput                                  see
file                                    select-default-iwrap
file-rename                             select-editor
find                                    sense_csv
find2perl                               sense_emu_gui
flock                                   sense_play
fmt                                     sense_rec
fold                                    sensible-browser
fonttosfnt                              sensible-editor
free                                    sensible-pager
freetype-config                         seq
from                                    serialver
fswebcam                                servertool
funzip                                  sessreg
g++                                     setarch
g++-4.9                                 setcifsacl
galculator                              setfacl
gapplication                            setkeycodes
gatttool                                setleds
gcc                                     setlogcons
gcc-4.9                                 setmetamode
gcc-ar                                  setsid
gcc-ar-4.9                              setterm
gcc-nm                                  setvtrgb
gcc-nm-4.9                              setxkbmap
gcc-ranlib                              sftp
gcc-ranlib-4.9                          sg
gconf-merge-tree                        sha1sum
gconftool                               sha224sum
gconftool-2                             sha256sum
gcore                                   sha384sum
gcov                                    sha512sum
gcov-4.9                                shasum
gdb                                     showconsolefont
gdb-add-index                           showkey
gdbserver                               showrgb
gdbtui                                  shred
gdbus                                   shuf
gdbus-codegen                           size
gdebi                                   skill
gdialog                                 slabtop
gdk-pixbuf-csource                      slogin
gdk-pixbuf-pixdata                      smartsim
gdk-pixbuf-query-loaders                snice
gdm-control                             sntp
geany                                   soelim
gem                                     soffice
gem2.1                                  sonic-pi
gencat                                  sort
geqn                                    sotruss
getcifsacl                              speaker-test
getconf                                 splain
getent                                  split
getfacl                                 splitfont
getkeycodes                             sprof
getopt                                  squeak
gettext                                 squeak.old
gettextize                              ssh
gettext.sh                              ssh-add
gfortran                                ssh-agent
gfortran-4.9                            ssh-argv0
ginstall-info                           ssh-copy-id
gio-querymodules                        ssh-keygen
git                                     ssh-keyscan
git-receive-pack                        startlxde
git-shell                               startlxde-pi
git-upload-archive                      start-pulseaudio-kde
git-upload-pack                         start-pulseaudio-x11
gksu                                    startx
gksudo                                  stat
gksu-properties                         stdbuf
glib-compile-resources                  strace
glib-compile-schemas                    strings
glib-genmarshal                         strip
glib-gettextize                         sudo
glib-mkenums                            sudoedit
gnome-text-editor                       sudoreplay
gnome-www-browser                       sum
gobject-query                           symcryptrun
gold                                    systemd-analyze
gpasswd                                 systemd-cat
gpg                                     systemd-cgls
gpg2                                    systemd-cgtop
gpg-agent                               systemd-delta
gpgconf                                 systemd-detect-virt
gpg-connect-agent                       systemd-nspawn
gpgkey2ssh                              systemd-path
gpgparsemail                            systemd-run
gpgsplit                                systemd-stdio-bridge
gpgv                                    tabs
gpg-zip                                 tac
gpic                                    tail
gpicview                                tasksel
gpio                                    taskset
gprof                                   tbl
greenfoot                               tee
gresource                               test
groff                                   testrb
grog                                    testrb2.1
grops                                   thonny
grotty                                  tic
groups                                  timedatectl
gsettings                               timeout
gsettings-data-convert                  timidity
gsettings-schema-convert                tload
gtbl                                    tnameserv
gtester                                 toe
gtester-report                          top
gtf                                     touch
gtk-builder-convert                     tput
gtk-launch                              tr
gtk-update-icon-cache                   traceproto
gtk-update-icon-cache-3.0               traceproto.db
h2ph                                    traceroute
h2xs                                    traceroute6
hardlink                                traceroute6.db
hciattach                               traceroute.db
hcitool                                 traceroute-nanog
hd                                      tree
head                                    troff
helpztags                               truncate
hexdump                                 tset
homebridge                              tsort
host                                    tty
hostid                                  tvservice
hostnamectl                             tzselect
iceauth                                 ucf
iconv                                   ucfq
id                                      ucfr
idle                                    ucs2any
idle3                                   udisksctl
idle-python2.7                          uic
idle-python3.4                          uic3
idlj                                    ul
iecset                                  unexpand
ifnames                                 unicode_stop
info                                    uniq
infobrowser                             unlink
infocmp                                 unlzma
infokey                                 unopkg
infotocap                               unpack200
install                                 unshare
install-info                            unxz
instmodsh                               unzip
ionice                                  unzipsfx
ipcmk                                   update-alternatives
ipcrm                                   update-desktop-database
ipcs                                    update-gconf-defaults
ippfind                                 update-mime-database
ipptool                                 update-mime-database.real
iptables-xml                            uptime
irb                                     usb-devices
irb2.1                                  usbhid-dump
ischroot                                users
ispell-wrapper                          utmpdump
ivtv-ctl                                v4l2-compliance
jack_alias                              v4l2-ctl
jack_bufsize                            v4l2-sysfs-path
jack_connect                            vcdbg
jack_control                            vcgencmd
jack_cpu                                vchiq_test
jack_cpu_load                           vi
jackd                                   view
jackdbus                                viewres
jack_disconnect                         vim.tiny
jack_evmon                              vmstat
jack_freewheel                          vncagent
jack_iodelay                            vncagent-raspi
jack_latent_client                      vncinitconfig
jack_load                               vnclicense
jack_lsp                                vnclicensehelper
jack_metro                              vnclicensewiz
jack_midi_dump                          vncpamhelper
jack_midi_latency_test                  vncpasswd
jack_midiseq                            vncpipehelper
jack_midisine                           vncserver
jack_monitor_client                     vncserverui
jack_multiple_metro                     vncserver-virtual
jack_net_master                         vncserver-virtuald
jack_net_slave                          vncserver-x11
jack_netsource                          vncserver-x11-core
jack_rec                                vncserver-x11-serviced
jack_samplerate                         vncviewer
jack_server_control                     w
jack_session_notify                     wall
jack_showtime                           watch
jack_simple_client                      watchgnupg
jack_simple_session_client              wc
jack_test                               wget
jack_thru                               whatis
jack_transport                          whereis
jack_unload                             which
jack_wait                               whiptail
jack_zombie                             who
jar                                     whoami
jarsigner                               wolfram
java                                    wolframscript
javac                                   word-list-compress
javadoc                                 wpa_passphrase
javah                                   w.procps
javap                                   write
jcmd                                    wsgen
jconsole                                wsimport
jdb                                     X
jdeps                                   X11
jexec                                   x2x
jhat                                    xarchiver
jinfo                                   xargs
jmap                                    xauth
join                                    xcmsdb
jps                                     xcompmgr
jrunscript                              xdg-desktop-icon
js                                      xdg-desktop-menu
jsadebugd                               xdg-email
json_pp                                 xdg-icon-resource
jstack                                  xdg-mime
jstat                                   xdg-open
jstatd                                  xdg-screensaver
kbdinfo                                 xdg-settings
kbxutil                                 xdg-user-dir
keytool                                 xdg-user-dirs-update
killall                                 xdpyinfo
l2ping                                  xdriinfo
l2test                                  xev
last                                    xfconf-query
lastb                                   xfd
lastlog                                 xfontsel
lcf                                     xgamma
lconvert                                xgettext
ld                                      xhost
ld.bfd                                  xinit
ldd                                     xjc
ld.gold                                 xkbbell
leafpad                                 xkbcomp
less                                    xkbevd
lessecho                                xkbprint
lessfile                                xkbvleds
lesskey                                 xkbwatch
lesspipe                                xkeystone
lexgrog                                 xkill
lft                                     xlsatoms
lft.db                                  xlsclients
libnetcfg                               xlsfonts
libpng12-config                         xmessage
libpng-config                           xmlcatalog
libreoffice                             xmllint
libtoolize                              xmlpatterns
line                                    xmlpatternsvalidator
linguist                                xmodmap
link                                    Xorg
linux32                                 xpdf
linux64                                 xpdf.real
listcomponents                          xprop
listres                                 xrandr
lnstat                                  xrdb
loadkeys                                xrefresh
loadunimap                              x-session-manager
lobase                                  xset
localc                                  xsetmode
locale                                  xsetpointer
localectl                               xsetroot
localedef                               xstdcmap
lodraw                                  xsubpp
loffice                                 x-terminal-emulator
lofromtemplate                          xvidtune
logger                                  xvinfo
logname                                 Xvnc
loimpress                               Xvnc-core
lomath                                  x-window-manager
look                                    xwininfo
lorder                                  x-www-browser
loweb                                   xxd
lowriter                                xz
lp                                      xzcat
lpoptions                               xzcmp
lppasswd                                xzdiff
lpq                                     xzegrep
lpr                                     xzfgrep
lprm                                    xzgrep
lp_solve                                xzless
lpstat                                  xzmore
lrelease                                yes
lsattr                                  zdump
lsb_release                             zenity
lscpu                                   zipdetails
lsinitramfs                             zipgrep
lslocks                                 zipinfo
lspgpot                                 zxpdf
pi@pantiltpi:/usr/bin $ 
pi@pantiltpi:/usr/bin $ cd /var/opt/homeassistant
-bash: cd: /var/opt/homeassistant: Datei oder Verzeichnis nicht gefunden
pi@pantiltpi:/usr/bin $ cd
pi@pantiltpi:~ $ cd ..
pi@pantiltpi:/home $ cd ..
pi@pantiltpi:/ $ cd /var/opt/homeassistant
-bash: cd: /var/opt/homeassistant: Datei oder Verzeichnis nicht gefunden
pi@pantiltpi:/ $ ls
bin   boot.bak       dev  home  lost+found  media  opt   root  sbin  sys  usr
boot  debian-binary  etc  lib   man         mnt    proc  run   srv   tmp  var
pi@pantiltpi:/ $ cd var
pi@pantiltpi:/var $ ls
backups  cache  lib  local  lock  log  mail  opt  run  spool  swap  tmp
pi@pantiltpi:/var $ cd opt
pi@pantiltpi:/var/opt $ ls
pi@pantiltpi:/var/opt $ cd
pi@pantiltpi:~ $ sudo nano /etc/init.d/hass-daemon
pi@pantiltpi:~ $ sudo update-rc.d hass-daemon defaults
pi@pantiltpi:~ $ sudo service hass-daemon install
Installing Home Assistant Daemon (hass-daemon)
pi@pantiltpi:~ $ sudo reboot
Connection to 192.168.178.103 closed by remote host.
Connection to 192.168.178.103 closed.
Peters-MBP:~ tdamdouni$ ssh pi@192.168.178.103
pi@192.168.178.103's password: 

The programs included with the Debian GNU/Linux system are free software;
the exact distribution terms for each program are described in the
individual files in /usr/share/doc/*/copyright.

Debian GNU/Linux comes with ABSOLUTELY NO WARRANTY, to the extent
permitted by applicable law.
Last login: Thu Nov  9 01:21:33 2017

SSH is enabled and the default password for the 'pi' user has not been changed.
This is a security risk - please login as the 'pi' user and type 'passwd' to set a new password.

pi@pantiltpi:~ $ sudo systemctl status
● pantiltpi
    State: running
     Jobs: 0 queued
   Failed: 0 units
    Since: Do 1970-01-01 01:00:01 CET; 47 years 10 months ago
   CGroup: /
           ├─1 /sbin/init splash
           ├─user.slice
           │ └─user-1000.slice
           │   ├─session-c3.scope
           │   │ ├─693 /bin/login -f   
           │   │ └─971 -bash
           │   ├─user@1000.service
           │   │ ├─623 /lib/systemd/systemd --user
           │   │ └─647 (sd-pam)         
           │   ├─session-c4.scope
           │   │ ├─1131 sshd: pi [priv]     
           │   │ ├─1140 sshd: pi@pts/0      
           │   │ ├─1142 -bash
           │   │ ├─1177 sudo systemctl status
           │   │ ├─1181 systemctl status
           │   │ └─1182 pager
           │   └─session-c2.scope
           │     ├─ 746 lightdm --session-child 13 16
           │     ├─ 755 /usr/bin/lxsession -s LXDE-pi -e LXDE
           │     ├─ 805 /usr/bin/ssh-agent /usr/bin/dbus-launch --exit-with-sess
           │     ├─ 808 /usr/bin/dbus-launch --exit-with-session x-session-manag
           │     ├─ 809 /usr/bin/dbus-daemon --fork --print-pid 4 --print-addres
           │     ├─ 815 /usr/lib/gvfs/gvfsd
           │     ├─ 819 /usr/lib/gvfs/gvfsd-fuse /run/user/1000/gvfs -f -o big_w
           │     ├─ 830 openbox --config-file /home/pi/.config/openbox/lxde-pi-r
           │     ├─ 833 lxpolkit
           │     ├─ 835 lxpanel --profile LXDE-pi
           │     ├─ 836 pcmanfm --desktop --profile LXDE-pi
           │     ├─ 843 /usr/bin/ssh-agent -s
           │     ├─ 846 sh /etc/xdg/lxsession/LXDE-pi/sshpwd.sh
           │     ├─ 850 zenity --warning --text=SSH is enabled and the default p
           │     ├─ 881 /usr/lib/gvfs/gvfs-udisks2-volume-monitor
           │     ├─1024 /usr/lib/gvfs/gvfs-goa-volume-monitor
           │     ├─1038 /usr/lib/gvfs/gvfs-mtp-volume-monitor
           │     ├─1044 /usr/lib/gvfs/gvfs-afc-volume-monitor
           │     ├─1060 /usr/lib/gvfs/gvfs-gphoto2-volume-monitor
           │     ├─1070 /bin/sh /usr/bin/start-pulseaudio-x11
           │     ├─1071 /usr/bin/xprop -root -spy
           │     ├─1080 /usr/lib/menu-cache/menu-cached /tmp/.menu-cached-:0-pi
           │     └─1085 /usr/lib/gvfs/gvfsd-trash --spawner :1.1 /org/gtk/gvfs/e
           └─system.slice
             ├─lightdm.service
             │ ├─565 /usr/sbin/lightdm
             │ └─681 /usr/lib/xorg/Xorg :0 -seat seat0 -auth /var/run/lightdm/ro
             ├─polkitd.service
             │ └─844 /usr/lib/policykit-1/polkitd --no-debug
             ├─system-ifup.slice
             │ └─ifup@wlan0.service
             │   └─522 /sbin/wpa_supplicant -s -B -P /run/wpa_supplicant.wlan0.p
             ├─vncserver-x11-serviced.service
             │ ├─516 /usr/bin/vncserver-x11-serviced -fg
             │ ├─572 /usr/bin/vncserver-x11-core -service
             │ ├─735 /usr/bin/vncagent service 15
             │ ├─860 /usr/bin/vncserverui service 16
             │ └─965 /usr/bin/vncserverui -statusicon 7
             ├─dbus.service
             │ └─439 /usr/bin/dbus-daemon --system --address=systemd: --nofork -
             ├─hciuart.service
             │ └─772 /usr/bin/hciattach /dev/serial1 bcm43xx 921600 noflow - b8:
             ├─udisks2.service
             │ └─934 /usr/lib/udisks2/udisksd --no-debug
             ├─ssh.service
             │ └─528 /usr/sbin/sshd -D
             ├─avahi-daemon.service
             │ ├─431 avahi-daemon: running [pantiltpi.local
             │ └─468 avahi-daemon: chroot helpe
             ├─ntp.service
             │ └─1020 /usr/sbin/ntpd -p /var/run/ntpd.pid -g -c /var/lib/ntp/ntp
             ├─triggerhappy.service
             │ └─683 /usr/sbin/thd --daemon --triggers /etc/triggerhappy/trigger
             ├─systemd-logind.service
             │ └─504 /lib/systemd/systemd-logind
             ├─rtkit-daemon.service
             │ └─895 /usr/lib/rtkit/rtkit-daemon
             ├─cron.service
             │ └─438 /usr/sbin/cron -f
             ├─systemd-udevd.service
             │ └─137 /lib/systemd/systemd-udevd
             ├─rsyslog.service
             │ └─436 /usr/sbin/rsyslogd -n
             ├─bluetooth.service
             │ └─778 /usr/lib/bluetooth/bluetoothd
             ├─systemd-journald.service
             │ └─128 /lib/systemd/systemd-journald
             └─dhcpcd.service
               └─466 /sbin/dhcpcd -q -b
pi@pantiltpi:~ $ sudo service hass-daemon status
● hass-daemon.service - LSB: Home\ Assistant
   Loaded: loaded (/etc/init.d/hass-daemon)
   Active: active (exited) since Do 2017-11-09 01:21:34 CET; 2min 50s ago
  Process: 535 ExecStart=/etc/init.d/hass-daemon start (code=exited, status=0/SUCCESS)

Nov 09 01:21:27 pantiltpi hass-daemon[535]: Starting service…
Nov 09 01:21:27 pantiltpi su[539]: Successful su for pi by root
Nov 09 01:21:27 pantiltpi su[539]: + ??? root:pi
Nov 09 01:21:27 pantiltpi su[539]: pam_unix(su:session): session opened for...0)
Nov 09 01:21:34 pantiltpi hass-daemon[535]: Service started
Nov 09 01:21:34 pantiltpi systemd[1]: Started LSB: Home\ Assistant.
Hint: Some lines were ellipsized, use -l to show in full.
pi@pantiltpi:~ $ sudo service hass-daemon status
● hass-daemon.service - LSB: Home\ Assistant
   Loaded: loaded (/etc/init.d/hass-daemon)
   Active: active (exited) since Do 2017-11-09 01:21:34 CET; 3min 48s ago
  Process: 535 ExecStart=/etc/init.d/hass-daemon start (code=exited, status=0/SUCCESS)

Nov 09 01:21:27 pantiltpi hass-daemon[535]: Starting service…
Nov 09 01:21:27 pantiltpi su[539]: Successful su for pi by root
Nov 09 01:21:27 pantiltpi su[539]: + ??? root:pi
Nov 09 01:21:27 pantiltpi su[539]: pam_unix(su:session): session opened for...0)
Nov 09 01:21:34 pantiltpi hass-daemon[535]: Service started
Nov 09 01:21:34 pantiltpi systemd[1]: Started LSB: Home\ Assistant.
Hint: Some lines were ellipsized, use -l to show in full.
pi@pantiltpi:~ $ ls
config.ini   opencv-3.3.0          Pimoroni-PanTilt-Hat-WebInterface
Desktop      opencv_contrib-3.3.0  pimotion
Documents    opencv_contrib.zip    pistreaming
Downloads    opencv.zip            Public
get-pip.py   PanTilt               python_games
hass-cam     PanTiltFacetracker    rp_usbdisplay
mote_api.py  picamera-motion       Smart-Security-Camera
Music        Pictures              Templates
nohup.out    Pimoroni              Videos
pi@pantiltpi:~ $ cd Pimoroni-PanTilt-Hat-WebInterface/
pi@pantiltpi:~/Pimoroni-PanTilt-Hat-WebInterface $ ls
LICENSE  pantiltweb.py  README.md  static  templates
pi@pantiltpi:~/Pimoroni-PanTilt-Hat-WebInterface $ python pantiltweb.py 
/usr/local/lib/python2.7/dist-packages/flask_ini.py:35: UserWarning: No [flask] section found in config
  warnings.warn("No [flask] section found in config")
 * Running on http://0.0.0.0:9595/
 * Restarting with reloader
/usr/local/lib/python2.7/dist-packages/flask_ini.py:35: UserWarning: No [flask] section found in config
  warnings.warn("No [flask] section found in config")
192.168.178.20 - - [09/Nov/2017 01:29:04] "GET / HTTP/1.1" 401 -
192.168.178.20 - - [09/Nov/2017 01:29:04] "GET / HTTP/1.1" 401 -
192.168.178.20 - - [09/Nov/2017 01:29:12] "GET / HTTP/1.1" 500 -
Traceback (most recent call last):
  File "/usr/share/pyshared/flask/app.py", line 1836, in __call__
    return self.wsgi_app(environ, start_response)
  File "/usr/share/pyshared/flask/app.py", line 1820, in wsgi_app
    response = self.make_response(self.handle_exception(e))
  File "/usr/share/pyshared/flask/app.py", line 1403, in handle_exception
    reraise(exc_type, exc_value, tb)
  File "/usr/share/pyshared/flask/app.py", line 1817, in wsgi_app
    response = self.full_dispatch_request()
  File "/usr/share/pyshared/flask/app.py", line 1477, in full_dispatch_request
    rv = self.handle_user_exception(e)
  File "/usr/share/pyshared/flask/app.py", line 1381, in handle_user_exception
    reraise(exc_type, exc_value, tb)
  File "/usr/share/pyshared/flask/app.py", line 1475, in full_dispatch_request
    rv = self.dispatch_request()
  File "/usr/share/pyshared/flask/app.py", line 1461, in dispatch_request
    return self.view_functions[rule.endpoint](**req.view_args)
  File "/home/pi/Pimoroni-PanTilt-Hat-WebInterface/pantiltweb.py", line 56, in decorated
    if not auth or not check_auth(auth.username, auth.password):
  File "/home/pi/Pimoroni-PanTilt-Hat-WebInterface/pantiltweb.py", line 43, in check_auth
    return username == app.iniconfig.get('user', 'name') and password == app.iniconfig.get('user', 'pass')
  File "/usr/local/lib/python2.7/dist-packages/backports/configparser/__init__.py", line 792, in get
    d = self._unify_values(section, vars)
  File "/usr/local/lib/python2.7/dist-packages/backports/configparser/__init__.py", line 1162, in _unify_values
    raise NoSectionError(section)
NoSectionError: No section: 'user'
192.168.178.20 - - [09/Nov/2017 01:29:12] "GET /?__debugger__=yes&cmd=resource&f=style.css HTTP/1.1" 200 -
192.168.178.20 - - [09/Nov/2017 01:29:12] "GET /?__debugger__=yes&cmd=resource&f=jquery.js HTTP/1.1" 200 -
192.168.178.20 - - [09/Nov/2017 01:29:12] "GET /?__debugger__=yes&cmd=resource&f=debugger.js HTTP/1.1" 200 -
192.168.178.20 - - [09/Nov/2017 01:29:12] "GET /?__debugger__=yes&cmd=resource&f=console.png HTTP/1.1" 200 -
192.168.178.20 - - [09/Nov/2017 01:29:12] "GET /?__debugger__=yes&cmd=resource&f=source.png HTTP/1.1" 200 -
192.168.178.20 - - [09/Nov/2017 01:29:13] "GET /?__debugger__=yes&cmd=resource&f=console.png HTTP/1.1" 200 -
192.168.178.20 - - [09/Nov/2017 01:29:40] "GET / HTTP/1.1" 500 -
Traceback (most recent call last):
  File "/usr/share/pyshared/flask/app.py", line 1836, in __call__
    return self.wsgi_app(environ, start_response)
  File "/usr/share/pyshared/flask/app.py", line 1820, in wsgi_app
    response = self.make_response(self.handle_exception(e))
  File "/usr/share/pyshared/flask/app.py", line 1403, in handle_exception
    reraise(exc_type, exc_value, tb)
  File "/usr/share/pyshared/flask/app.py", line 1817, in wsgi_app
    response = self.full_dispatch_request()
  File "/usr/share/pyshared/flask/app.py", line 1477, in full_dispatch_request
    rv = self.handle_user_exception(e)
  File "/usr/share/pyshared/flask/app.py", line 1381, in handle_user_exception
    reraise(exc_type, exc_value, tb)
  File "/usr/share/pyshared/flask/app.py", line 1475, in full_dispatch_request
    rv = self.dispatch_request()
  File "/usr/share/pyshared/flask/app.py", line 1461, in dispatch_request
    return self.view_functions[rule.endpoint](**req.view_args)
  File "/home/pi/Pimoroni-PanTilt-Hat-WebInterface/pantiltweb.py", line 56, in decorated
    if not auth or not check_auth(auth.username, auth.password):
  File "/home/pi/Pimoroni-PanTilt-Hat-WebInterface/pantiltweb.py", line 43, in check_auth
    return username == app.iniconfig.get('user', 'name') and password == app.iniconfig.get('user', 'pass')
  File "/usr/local/lib/python2.7/dist-packages/backports/configparser/__init__.py", line 792, in get
    d = self._unify_values(section, vars)
  File "/usr/local/lib/python2.7/dist-packages/backports/configparser/__init__.py", line 1162, in _unify_values
    raise NoSectionError(section)
NoSectionError: No section: 'user'
192.168.178.20 - - [09/Nov/2017 01:29:40] "GET /?__debugger__=yes&cmd=resource&f=style.css HTTP/1.1" 200 -
192.168.178.20 - - [09/Nov/2017 01:29:40] "GET /?__debugger__=yes&cmd=resource&f=jquery.js HTTP/1.1" 200 -
192.168.178.20 - - [09/Nov/2017 01:29:40] "GET /?__debugger__=yes&cmd=resource&f=debugger.js HTTP/1.1" 200 -
192.168.178.20 - - [09/Nov/2017 01:29:40] "GET /?__debugger__=yes&cmd=resource&f=console.png HTTP/1.1" 200 -
192.168.178.20 - - [09/Nov/2017 01:29:40] "GET /?__debugger__=yes&cmd=resource&f=source.png HTTP/1.1" 200 -
192.168.178.20 - - [09/Nov/2017 01:29:44] "GET / HTTP/1.1" 500 -
Traceback (most recent call last):
  File "/usr/share/pyshared/flask/app.py", line 1836, in __call__
    return self.wsgi_app(environ, start_response)
  File "/usr/share/pyshared/flask/app.py", line 1820, in wsgi_app
    response = self.make_response(self.handle_exception(e))
  File "/usr/share/pyshared/flask/app.py", line 1403, in handle_exception
    reraise(exc_type, exc_value, tb)
  File "/usr/share/pyshared/flask/app.py", line 1817, in wsgi_app
    response = self.full_dispatch_request()
  File "/usr/share/pyshared/flask/app.py", line 1477, in full_dispatch_request
    rv = self.handle_user_exception(e)
  File "/usr/share/pyshared/flask/app.py", line 1381, in handle_user_exception
    reraise(exc_type, exc_value, tb)
  File "/usr/share/pyshared/flask/app.py", line 1475, in full_dispatch_request
    rv = self.dispatch_request()
  File "/usr/share/pyshared/flask/app.py", line 1461, in dispatch_request
    return self.view_functions[rule.endpoint](**req.view_args)
  File "/home/pi/Pimoroni-PanTilt-Hat-WebInterface/pantiltweb.py", line 56, in decorated
    if not auth or not check_auth(auth.username, auth.password):
  File "/home/pi/Pimoroni-PanTilt-Hat-WebInterface/pantiltweb.py", line 43, in check_auth
    return username == app.iniconfig.get('user', 'name') and password == app.iniconfig.get('user', 'pass')
  File "/usr/local/lib/python2.7/dist-packages/backports/configparser/__init__.py", line 792, in get
    d = self._unify_values(section, vars)
  File "/usr/local/lib/python2.7/dist-packages/backports/configparser/__init__.py", line 1162, in _unify_values
    raise NoSectionError(section)
NoSectionError: No section: 'user'
192.168.178.20 - - [09/Nov/2017 01:29:44] "GET /?__debugger__=yes&cmd=resource&f=style.css HTTP/1.1" 200 -
192.168.178.20 - - [09/Nov/2017 01:29:44] "GET /?__debugger__=yes&cmd=resource&f=jquery.js HTTP/1.1" 200 -
192.168.178.20 - - [09/Nov/2017 01:29:44] "GET /?__debugger__=yes&cmd=resource&f=debugger.js HTTP/1.1" 200 -
192.168.178.20 - - [09/Nov/2017 01:29:45] "GET /?__debugger__=yes&cmd=resource&f=console.png HTTP/1.1" 200 -
192.168.178.20 - - [09/Nov/2017 01:29:45] "GET /?__debugger__=yes&cmd=resource&f=source.png HTTP/1.1" 200 -
192.168.178.20 - - [09/Nov/2017 01:29:57] "GET / HTTP/1.1" 401 -
192.168.178.20 - - [09/Nov/2017 01:29:58] "GET / HTTP/1.1" 401 -
192.168.178.20 - - [09/Nov/2017 01:29:58] "GET / HTTP/1.1" 401 -
192.168.178.20 - - [09/Nov/2017 01:29:58] "GET / HTTP/1.1" 401 -
192.168.178.20 - - [09/Nov/2017 01:29:59] "GET / HTTP/1.1" 500 -
Traceback (most recent call last):
  File "/usr/share/pyshared/flask/app.py", line 1836, in __call__
    return self.wsgi_app(environ, start_response)
  File "/usr/share/pyshared/flask/app.py", line 1820, in wsgi_app
    response = self.make_response(self.handle_exception(e))
  File "/usr/share/pyshared/flask/app.py", line 1403, in handle_exception
    reraise(exc_type, exc_value, tb)
  File "/usr/share/pyshared/flask/app.py", line 1817, in wsgi_app
    response = self.full_dispatch_request()
  File "/usr/share/pyshared/flask/app.py", line 1477, in full_dispatch_request
    rv = self.handle_user_exception(e)
  File "/usr/share/pyshared/flask/app.py", line 1381, in handle_user_exception
    reraise(exc_type, exc_value, tb)
  File "/usr/share/pyshared/flask/app.py", line 1475, in full_dispatch_request
    rv = self.dispatch_request()
  File "/usr/share/pyshared/flask/app.py", line 1461, in dispatch_request
    return self.view_functions[rule.endpoint](**req.view_args)
  File "/home/pi/Pimoroni-PanTilt-Hat-WebInterface/pantiltweb.py", line 56, in decorated
    if not auth or not check_auth(auth.username, auth.password):
  File "/home/pi/Pimoroni-PanTilt-Hat-WebInterface/pantiltweb.py", line 43, in check_auth
    return username == app.iniconfig.get('user', 'name') and password == app.iniconfig.get('user', 'pass')
  File "/usr/local/lib/python2.7/dist-packages/backports/configparser/__init__.py", line 792, in get
    d = self._unify_values(section, vars)
  File "/usr/local/lib/python2.7/dist-packages/backports/configparser/__init__.py", line 1162, in _unify_values
    raise NoSectionError(section)
NoSectionError: No section: 'user'
192.168.178.20 - - [09/Nov/2017 01:29:59] "GET /?__debugger__=yes&cmd=resource&f=style.css HTTP/1.1" 200 -
192.168.178.20 - - [09/Nov/2017 01:29:59] "GET /?__debugger__=yes&cmd=resource&f=jquery.js HTTP/1.1" 200 -
192.168.178.20 - - [09/Nov/2017 01:29:59] "GET /?__debugger__=yes&cmd=resource&f=debugger.js HTTP/1.1" 200 -
192.168.178.20 - - [09/Nov/2017 01:29:59] "GET /?__debugger__=yes&cmd=resource&f=console.png HTTP/1.1" 200 -
192.168.178.20 - - [09/Nov/2017 01:29:59] "GET /?__debugger__=yes&cmd=resource&f=source.png HTTP/1.1" 200 -
^Cpi@pantiltpi:~/Pimoroni-PanTilt-Hat-WebInterface $ cd
pi@pantiltpi:~ $ ls
config.ini   opencv-3.3.0          Pimoroni-PanTilt-Hat-WebInterface
Desktop      opencv_contrib-3.3.0  pimotion
Documents    opencv_contrib.zip    pistreaming
Downloads    opencv.zip            Public
get-pip.py   PanTilt               python_games
hass-cam     PanTiltFacetracker    rp_usbdisplay
mote_api.py  picamera-motion       Smart-Security-Camera
Music        Pictures              Templates
nohup.out    Pimoroni              Videos
pi@pantiltpi:~ $ cd pistreaming/
pi@pantiltpi:~/pistreaming $ ls
index.html  jsmpg.js  LICENSE.txt  README.md  server.py  styles.css
pi@pantiltpi:~/pistreaming $ python server.py 
Traceback (most recent call last):
  File "server.py", line 12, in <module>
    from http.server import HTTPServer, BaseHTTPRequestHandler
ImportError: No module named http.server
pi@pantiltpi:~/pistreaming $ sudo pip install http.server
Collecting http.server
  Could not find a version that satisfies the requirement http.server (from versions: )
No matching distribution found for http.server
pi@pantiltpi:~/pistreaming $ python3 server.py 
Initializing HAT
Initializing camera
Initializing websockets server on port 8084
Initializing HTTP server on port 8082
Initializing broadcast thread
Spawning background conversion process
Starting recording
Starting websockets thread
Starting HTTP server thread
Starting broadcast thread
192.168.178.20 - - [09/Nov/2017 01:32:16] "GET / HTTP/1.1" 301 -
192.168.178.20 - - [09/Nov/2017 01:32:16] "GET /index.html HTTP/1.1" 200 -
192.168.178.20 - - [09/Nov/2017 01:32:16] "GET /jsmpg.js HTTP/1.1" 200 -
192.168.178.20 - - [09/Nov/2017 01:32:16] "GET /styles.css HTTP/1.1" 200 -
192.168.178.20 - - [09/Nov/2017 01:32:16] code 404, message File not found
192.168.178.20 - - [09/Nov/2017 01:32:16] "GET /favicon.ico HTTP/1.1" 404 -
Traceback (most recent call last):
  File "/usr/lib/python3.4/wsgiref/handlers.py", line 137, in run
    self.result = application(self.environ, self.start_response)
  File "/usr/lib/python3/dist-packages/ws4py/server/wsgiutils.py", line 101, in __call__
    raise HandshakeError('Header %s is not defined' % key)
ws4py.exc.HandshakeError: Header HTTP_UPGRADE is not defined
Traceback (most recent call last):
  File "/usr/lib/python3.4/wsgiref/handlers.py", line 137, in run
    self.result = application(self.environ, self.start_response)
  File "/usr/lib/python3/dist-packages/ws4py/server/wsgiutils.py", line 101, in __call__
    raise HandshakeError('Header %s is not defined' % key)
ws4py.exc.HandshakeError: Header HTTP_UPGRADE is not defined
Traceback (most recent call last):
  File "/usr/lib/python3.4/wsgiref/handlers.py", line 137, in run
    self.result = application(self.environ, self.start_response)
  File "/usr/lib/python3/dist-packages/ws4py/server/wsgiutils.py", line 101, in __call__
    raise HandshakeError('Header %s is not defined' % key)
ws4py.exc.HandshakeError: Header HTTP_UPGRADE is not defined
^CStopping recording
Waiting for background conversion process to exit
Waiting for broadcast thread to finish
Shutting down HTTP server
Shutting down websockets server
Waiting for HTTP server thread to finish
Disabling servos
Waiting for websockets thread to finish
pi@pantiltpi:~/pistreaming $ sudo service hass-daemon stop
pi@pantiltpi:~/pistreaming $ python3 server.py 
Initializing HAT
Initializing camera
Initializing websockets server on port 8084
Initializing HTTP server on port 8082
Initializing broadcast thread
Spawning background conversion process
Starting recording
Starting websockets thread
Starting HTTP server thread
Starting broadcast thread
192.168.178.20 - - [09/Nov/2017 01:33:34] "GET /styles.css HTTP/1.1" 200 -
192.168.178.20 - - [09/Nov/2017 01:33:34] "GET /jsmpg.js HTTP/1.1" 200 -
192.168.178.20 - - [09/Nov/2017 01:33:34] "GET / HTTP/1.1" 301 -
192.168.178.20 - - [09/Nov/2017 01:33:34] "GET /index.html HTTP/1.1" 200 -
192.168.178.20 - - [09/Nov/2017 01:33:47] "GET /do_orient?tilt=-1 HTTP/1.1" 200 -
192.168.178.20 - - [09/Nov/2017 01:33:48] "GET /do_orient?tilt=-8 HTTP/1.1" 200 -
192.168.178.20 - - [09/Nov/2017 01:33:50] "GET /do_orient?tilt=-9 HTTP/1.1" 200 -
192.168.178.20 - - [09/Nov/2017 01:33:50] "GET /do_orient?tilt=-12 HTTP/1.1" 200 -
192.168.178.20 - - [09/Nov/2017 01:33:50] "GET /do_orient?tilt=-13 HTTP/1.1" 200 -
192.168.178.20 - - [09/Nov/2017 01:33:53] "GET /do_orient?tilt=-11 HTTP/1.1" 200 -
192.168.178.20 - - [09/Nov/2017 01:33:53] "GET /do_orient?tilt=-6 HTTP/1.1" 200 -
192.168.178.20 - - [09/Nov/2017 01:33:53] "GET /do_orient?tilt=-7 HTTP/1.1" 200 -
192.168.178.20 - - [09/Nov/2017 01:33:54] "GET /do_orient?tilt=-3 HTTP/1.1" 200 -
192.168.178.20 - - [09/Nov/2017 01:33:54] "GET /do_orient?tilt=3 HTTP/1.1" 200 -
192.168.178.20 - - [09/Nov/2017 01:34:20] "GET /do_orient?tilt=-10 HTTP/1.1" 200 -
192.168.178.20 - - [09/Nov/2017 01:34:23] "GET /do_orient?pan=16 HTTP/1.1" 200 -
192.168.178.20 - - [09/Nov/2017 01:34:43] "GET /do_orient?pan=-11 HTTP/1.1" 200 -
192.168.178.20 - - [09/Nov/2017 01:34:46] "GET /do_orient?tilt=-26 HTTP/1.1" 200 -
192.168.178.20 - - [09/Nov/2017 01:34:51] "GET /do_orient?tilt=-16 HTTP/1.1" 200 -
192.168.178.20 - - [09/Nov/2017 01:34:53] "GET /index.html HTTP/1.1" 200 -
192.168.178.20 - - [09/Nov/2017 01:34:53] "GET /styles.css HTTP/1.1" 200 -
192.168.178.20 - - [09/Nov/2017 01:34:53] "GET /jsmpg.js HTTP/1.1" 200 -
192.168.178.20 - - [09/Nov/2017 01:34:54] "GET /index.html HTTP/1.1" 200 -
192.168.178.20 - - [09/Nov/2017 01:34:54] "GET /styles.css HTTP/1.1" 200 -
192.168.178.20 - - [09/Nov/2017 01:34:54] "GET /jsmpg.js HTTP/1.1" 200 -
192.168.178.20 - - [09/Nov/2017 01:34:55] "GET /index.html HTTP/1.1" 200 -
192.168.178.20 - - [09/Nov/2017 01:34:55] "GET /styles.css HTTP/1.1" 200 -
192.168.178.20 - - [09/Nov/2017 01:34:55] "GET /jsmpg.js HTTP/1.1" 200 -
192.168.178.20 - - [09/Nov/2017 01:34:56] "GET /index.html HTTP/1.1" 200 -
192.168.178.20 - - [09/Nov/2017 01:34:56] "GET /styles.css HTTP/1.1" 200 -
192.168.178.20 - - [09/Nov/2017 01:34:56] "GET /jsmpg.js HTTP/1.1" 200 -
192.168.178.20 - - [09/Nov/2017 01:34:56] "GET /index.html HTTP/1.1" 200 -
192.168.178.20 - - [09/Nov/2017 01:34:56] "GET /styles.css HTTP/1.1" 200 -
192.168.178.20 - - [09/Nov/2017 01:34:56] "GET /jsmpg.js HTTP/1.1" 200 -
192.168.178.20 - - [09/Nov/2017 01:34:57] "GET /index.html HTTP/1.1" 200 -
192.168.178.20 - - [09/Nov/2017 01:34:57] "GET /styles.css HTTP/1.1" 200 -
192.168.178.20 - - [09/Nov/2017 01:34:57] "GET /jsmpg.js HTTP/1.1" 200 -
192.168.178.20 - - [09/Nov/2017 01:34:58] "GET /index.html HTTP/1.1" 200 -
192.168.178.20 - - [09/Nov/2017 01:34:58] "GET /jsmpg.js HTTP/1.1" 200 -
192.168.178.20 - - [09/Nov/2017 01:34:58] "GET /styles.css HTTP/1.1" 200 -
192.168.178.20 - - [09/Nov/2017 01:34:58] "GET /jsmpg.js HTTP/1.1" 200 -
192.168.178.20 - - [09/Nov/2017 01:34:58] "GET /index.html HTTP/1.1" 200 -
192.168.178.20 - - [09/Nov/2017 01:34:58] "GET /jsmpg.js HTTP/1.1" 200 -
192.168.178.20 - - [09/Nov/2017 01:34:58] "GET /jsmpg.js HTTP/1.1" 200 -
192.168.178.20 - - [09/Nov/2017 01:34:58] "GET /styles.css HTTP/1.1" 200 -
192.168.178.20 - - [09/Nov/2017 01:34:58] "GET /index.html HTTP/1.1" 200 -
192.168.178.20 - - [09/Nov/2017 01:34:58] "GET /styles.css HTTP/1.1" 200 -
192.168.178.20 - - [09/Nov/2017 01:34:58] "GET /jsmpg.js HTTP/1.1" 200 -
192.168.178.20 - - [09/Nov/2017 01:34:58] "GET /index.html HTTP/1.1" 200 -
192.168.178.20 - - [09/Nov/2017 01:34:58] "GET /jsmpg.js HTTP/1.1" 200 -
192.168.178.20 - - [09/Nov/2017 01:34:59] "GET /styles.css HTTP/1.1" 200 -
192.168.178.20 - - [09/Nov/2017 01:34:59] "GET /jsmpg.js HTTP/1.1" 200 -
192.168.178.20 - - [09/Nov/2017 01:34:59] "GET /jsmpg.js HTTP/1.1" 200 -
192.168.178.20 - - [09/Nov/2017 01:34:59] "GET /styles.css HTTP/1.1" 200 -
192.168.178.20 - - [09/Nov/2017 01:34:59] "GET /index.html HTTP/1.1" 200 -
192.168.178.20 - - [09/Nov/2017 01:34:59] "GET /index.html HTTP/1.1" 200 -
192.168.178.20 - - [09/Nov/2017 01:34:59] "GET /styles.css HTTP/1.1" 200 -
192.168.178.20 - - [09/Nov/2017 01:34:59] "GET /jsmpg.js HTTP/1.1" 200 -
192.168.178.20 - - [09/Nov/2017 01:34:59] "GET /index.html HTTP/1.1" 200 -
192.168.178.20 - - [09/Nov/2017 01:34:59] "GET /jsmpg.js HTTP/1.1" 200 -
192.168.178.20 - - [09/Nov/2017 01:34:59] "GET /styles.css HTTP/1.1" 200 -
192.168.178.20 - - [09/Nov/2017 01:34:59] "GET /styles.css HTTP/1.1" 200 -
192.168.178.20 - - [09/Nov/2017 01:34:59] "GET /jsmpg.js HTTP/1.1" 200 -
^CStopping recording
Waiting for background conversion process to exit
Waiting for broadcast thread to finish
Shutting down HTTP server
Shutting down websockets server
Waiting for HTTP server thread to finish
Disabling servos
Waiting for websockets thread to finish
pi@pantiltpi:~/pistreaming $ cd
pi@pantiltpi:~ $ ls
config.ini   opencv-3.3.0          Pimoroni-PanTilt-Hat-WebInterface
Desktop      opencv_contrib-3.3.0  pimotion
Documents    opencv_contrib.zip    pistreaming
Downloads    opencv.zip            Public
get-pip.py   PanTilt               python_games
hass-cam     PanTiltFacetracker    rp_usbdisplay
mote_api.py  picamera-motion       Smart-Security-Camera
Music        Pictures              Templates
nohup.out    Pimoroni              Videos
pi@pantiltpi:~ $ cd Pimoroni/mote/
pi@pantiltpi:~/Pimoroni/mote $ ls
documentation  examples
pi@pantiltpi:~/Pimoroni/mote $ cd examples/
pi@pantiltpi:~/Pimoroni/mote/examples $ nohup python rainbow.py &
[1] 1344
pi@pantiltpi:~/Pimoroni/mote/examples $ nohup: ignoriere Eingabe und hänge Ausgabe an „nohup.out“ an

pi@pantiltpi:~/Pimoroni/mote/examples $ cd
pi@pantiltpi:~ $ git clone https://github.com/robmarkcole/pan-tilt-phat-HASS.gitKlone nach 'pan-tilt-phat-HASS'...
remote: Counting objects: 140, done.
remote: Compressing objects: 100% (9/9), done.
remote: Total 140 (delta 2), reused 7 (delta 1), pack-reused 128
Empfange Objekte: 100% (140/140), 3.55 MiB | 1.20 MiB/s, Fertig.
Löse Unterschiede auf: 100% (58/58), Fertig.
Prüfe Konnektivität... Fertig.
pi@pantiltpi:~ $ cd /var/opt/homeassist
-bash: cd: /var/opt/homeassist: Datei oder Verzeichnis nicht gefunden
pi@pantiltpi:~ $ sudo apt-get install python3-smbus
Paketlisten werden gelesen... Fertig
Abhängigkeitsbaum wird aufgebaut.       
Statusinformationen werden eingelesen.... Fertig
python3-smbus ist schon die neueste Version.
Die folgenden Pakete wurden automatisch installiert und werden nicht mehr benötigt:
  libc-ares2 libv8-3.14.5
Verwenden Sie »apt-get autoremove«, um sie zu entfernen.
0 aktualisiert, 0 neu installiert, 0 zu entfernen und 0 nicht aktualisiert.
pi@pantiltpi:~ $ sudo apt-get autoremove
Paketlisten werden gelesen... Fertig
Abhängigkeitsbaum wird aufgebaut.       
Statusinformationen werden eingelesen.... Fertig
Die folgenden Pakete werden ENTFERNT:
  libc-ares2 libv8-3.14.5
0 aktualisiert, 0 neu installiert, 2 zu entfernen und 0 nicht aktualisiert.
Nach dieser Operation werden 3.659 kB Plattenplatz freigegeben.
Möchten Sie fortfahren? [J/n] J
(Lese Datenbank ... 148760 Dateien und Verzeichnisse sind derzeit installiert.)
Entfernen von libc-ares2:armhf (1.10.0-2+deb8u2) ...
Entfernen von libv8-3.14.5 (3.14.5.8-8.1+rpi1) ...
Trigger für libc-bin (2.19-18+deb8u10) werden verarbeitet ...
pi@pantiltpi:~ $ df
Dateisystem    1K-Blöcke  Benutzt Verfügbar Verw% Eingehängt auf
/dev/root       61293116 20695108  38047100   36% /
devtmpfs          378828        0    378828    0% /dev
tmpfs             383436        0    383436    0% /dev/shm
tmpfs             383436     5320    378116    2% /run
tmpfs               5120        4      5116    1% /run/lock
tmpfs             383436        0    383436    0% /sys/fs/cgroup
/dev/mmcblk0p1     42030    21503     20527   52% /boot
tmpfs              76688        0     76688    0% /run/user/1000
pi@pantiltpi:~ $ ls
config.ini    opencv_contrib-3.3.0               pimotion
Desktop       opencv_contrib.zip                 pistreaming
Documents     opencv.zip                         Public
Downloads     PanTilt                            python_games
get-pip.py    PanTiltFacetracker                 rp_usbdisplay
hass-cam      pan-tilt-phat-HASS                 Smart-Security-Camera
mote_api.py   picamera-motion                    Templates
Music         Pictures                           Videos
nohup.out     Pimoroni
opencv-3.3.0  Pimoroni-PanTilt-Hat-WebInterface
pi@pantiltpi:~ $ cd pimotion/
pi@pantiltpi:~/pimotion $ ls
images
pi@pantiltpi:~/pimotion $ cd images/
pi@pantiltpi:~/pimotion/images $ ls
capture-20170830-222937.jpg  capture-20170830-223220.jpg
capture-20170830-222941.jpg  capture-20170830-223225.jpg
capture-20170830-222946.jpg  capture-20170830-223245.jpg
capture-20170830-222951.jpg  capture-20170830-223250.jpg
capture-20170830-222955.jpg  capture-20170830-223254.jpg
capture-20170830-223000.jpg  capture-20170830-223259.jpg
capture-20170830-223004.jpg  capture-20170830-223303.jpg
capture-20170830-223009.jpg  capture-20170830-223308.jpg
capture-20170830-223015.jpg  capture-20170830-223313.jpg
capture-20170830-223028.jpg  capture-20170830-223317.jpg
capture-20170830-223032.jpg  capture-20170830-223322.jpg
capture-20170830-223037.jpg  capture-20170830-223326.jpg
capture-20170830-223042.jpg  capture-20170830-223331.jpg
capture-20170830-223046.jpg  capture-20170830-223339.jpg
capture-20170830-223053.jpg  capture-20170830-223350.jpg
capture-20170830-223057.jpg  capture-20170830-223355.jpg
capture-20170830-223110.jpg  capture-20170830-223359.jpg
capture-20170830-223114.jpg  capture-20170830-223404.jpg
capture-20170830-223119.jpg  capture-20170830-223408.jpg
capture-20170830-223126.jpg  capture-20170830-223413.jpg
capture-20170830-223130.jpg  capture-20170830-223420.jpg
capture-20170830-223135.jpg  capture-20170830-223424.jpg
capture-20170830-223139.jpg  capture-20170830-223433.jpg
capture-20170830-223148.jpg  capture-20170830-223437.jpg
capture-20170830-223153.jpg  capture-20170830-223442.jpg
capture-20170830-223157.jpg  capture-20170830-223447.jpg
capture-20170830-223202.jpg  capture-20170830-223451.jpg
capture-20170830-223207.jpg  capture-20170830-223456.jpg
capture-20170830-223211.jpg  capture-20170830-223500.jpg
capture-20170830-223216.jpg
pi@pantiltpi:~/pimotion/images $ cd
pi@pantiltpi:~ $ cd picamera-motion/
pi@pantiltpi:~/picamera-motion $ ls
picamera-motion.py  Readme.txt
pi@pantiltpi:~/picamera-motion $ cd
pi@pantiltpi:~ $ ls
config.ini    opencv_contrib-3.3.0               pimotion
Desktop       opencv_contrib.zip                 pistreaming
Documents     opencv.zip                         Public
Downloads     PanTilt                            python_games
get-pip.py    PanTiltFacetracker                 rp_usbdisplay
hass-cam      pan-tilt-phat-HASS                 Smart-Security-Camera
mote_api.py   picamera-motion                    Templates
Music         Pictures                           Videos
nohup.out     Pimoroni
opencv-3.3.0  Pimoroni-PanTilt-Hat-WebInterface
pi@pantiltpi:~ $ df
Dateisystem    1K-Blöcke  Benutzt Verfügbar Verw% Eingehängt auf
/dev/root       61293116 20642048  38100160   36% /
devtmpfs          378828        0    378828    0% /dev
tmpfs             383436        0    383436    0% /dev/shm
tmpfs             383436     5320    378116    2% /run
tmpfs               5120        4      5116    1% /run/lock
tmpfs             383436        0    383436    0% /sys/fs/cgroup
/dev/mmcblk0p1     42030    21503     20527   52% /boot
tmpfs              76688        0     76688    0% /run/user/1000
pi@pantiltpi:~ $ 
